Mar  6 11:46:50 controlNode systemd-modules-load[255]: Inserted module 'lp'
Mar  6 11:46:50 controlNode systemd-modules-load[255]: Inserted module 'ppdev'
Mar  6 11:46:50 controlNode systemd-modules-load[255]: Inserted module 'parport_pc'
Mar  6 11:46:50 controlNode systemd[1]: Started Load Kernel Modules.
Mar  6 11:46:50 controlNode systemd[1]: Mounting FUSE Control File System...
Mar  6 11:46:50 controlNode systemd[1]: Mounting Kernel Configuration File System...
Mar  6 11:46:50 controlNode systemd[1]: Starting Apply Kernel Variables...
Mar  6 11:46:50 controlNode systemd[1]: Started Create Static Device Nodes in /dev.
Mar  6 11:46:50 controlNode systemd[1]: Mounted Huge Pages File System.
Mar  6 11:46:50 controlNode systemd[1]: Mounted Kernel Debug File System.
Mar  6 11:46:50 controlNode systemd[1]: Mounted POSIX Message Queue File System.
Mar  6 11:46:50 controlNode systemd[1]: Mounted FUSE Control File System.
Mar  6 11:46:50 controlNode systemd[1]: Mounted Kernel Configuration File System.
Mar  6 11:46:50 controlNode systemd[1]: Started Remount Root and Kernel File Systems.
Mar  6 11:46:50 controlNode systemd[1]: Starting udev Kernel Device Manager...
Mar  6 11:46:50 controlNode systemd[1]: Starting Load/Save Random Seed...
Mar  6 11:46:50 controlNode systemd[1]: Activating swap /swapfile...
Mar  6 11:46:50 controlNode systemd[1]: Starting Flush Journal to Persistent Storage...
Mar  6 11:46:50 controlNode systemd[1]: Started Apply Kernel Variables.
Mar  6 11:46:50 controlNode systemd[1]: Started Load/Save Random Seed.
Mar  6 11:46:50 controlNode systemd[1]: Activated swap /swapfile.
Mar  6 11:46:50 controlNode systemd[1]: Reached target Swap.
Mar  6 11:46:50 controlNode systemd[1]: Started Flush Journal to Persistent Storage.
Mar  6 11:46:50 controlNode systemd[1]: Started Set the console keyboard layout.
Mar  6 11:46:50 controlNode systemd[1]: Reached target Local File Systems (Pre).
Mar  6 11:46:50 controlNode systemd[1]: Reached target Local File Systems.
Mar  6 11:46:50 controlNode systemd[1]: Starting Set console font and keymap...
Mar  6 11:46:50 controlNode systemd[1]: Starting Commit a transient machine-id on disk...
Mar  6 11:46:50 controlNode systemd[1]: Starting Create Volatile Files and Directories...
Mar  6 11:46:50 controlNode systemd[1]: Starting AppArmor initialization...
Mar  6 11:46:50 controlNode systemd[1]: Starting Clean up any mess left by 0dns-up...
Mar  6 11:46:50 controlNode systemd[1]: Starting Tell Plymouth To Write Out Runtime Data...
Mar  6 11:46:50 controlNode systemd[1]: Started Set console font and keymap.
Mar  6 11:46:50 controlNode systemd[1]: Started Create Volatile Files and Directories.
Mar  6 11:46:50 controlNode systemd[1]: Starting Network Time Synchronization...
Mar  6 11:46:50 controlNode systemd[1]: Starting Network Name Resolution...
Mar  6 11:46:50 controlNode systemd[1]: Starting Update UTMP about System Boot/Shutdown...
Mar  6 11:46:50 controlNode systemd[1]: Started Commit a transient machine-id on disk.
Mar  6 11:46:50 controlNode systemd[1]: Started Tell Plymouth To Write Out Runtime Data.
Mar  6 11:46:50 controlNode systemd[1]: Started Update UTMP about System Boot/Shutdown.
Mar  6 11:46:50 controlNode systemd[1]: Started udev Kernel Device Manager.
Mar  6 11:46:50 controlNode systemd[1]: Starting Show Plymouth Boot Screen...
Mar  6 11:46:50 controlNode systemd-resolved[296]: Positive Trust Anchors:
Mar  6 11:46:50 controlNode systemd-resolved[296]: . IN DS 19036 8 2 49aac11d7b6f6446702e54a1607371607a1a41855200fd2ce1cdde32f24e8fb5
Mar  6 11:46:50 controlNode systemd-resolved[296]: . IN DS 20326 8 2 e06d44b80b8f1d39a95c0b0d7c65d08458e880409bbc683457104237c7f8ec8d
Mar  6 11:46:50 controlNode systemd-resolved[296]: Negative trust anchors: 10.in-addr.arpa 16.172.in-addr.arpa 17.172.in-addr.arpa 18.172.in-addr.arpa 19.172.in-addr.arpa 20.172.in-addr.arpa 21.172.in-addr.arpa 22.172.in-addr.arpa 23.172.in-addr.arpa 24.172.in-addr.arpa 25.172.in-addr.arpa 26.172.in-addr.arpa 27.172.in-addr.arpa 28.172.in-addr.arpa 29.172.in-addr.arpa 30.172.in-addr.arpa 31.172.in-addr.arpa 168.192.in-addr.arpa d.f.ip6.arpa corp home internal intranet lan local private test
Mar  6 11:46:50 controlNode systemd-resolved[296]: Using system hostname 'controlNode'.
Mar  6 11:46:50 controlNode systemd[1]: Started Network Name Resolution.
Mar  6 11:46:50 controlNode systemd[1]: Reached target Host and Network Name Lookups.
Mar  6 11:46:50 controlNode systemd[1]: Started Network Time Synchronization.
Mar  6 11:46:50 controlNode systemd[1]: Reached target System Time Synchronized.
Mar  6 11:46:50 controlNode apparmor[287]:  * Starting AppArmor profiles
Mar  6 11:46:50 controlNode systemd-udevd[311]: link_config: autonegotiation is unset or enabled, the speed and duplex are not writable.
Mar  6 11:46:50 controlNode systemd-udevd[304]: link_config: autonegotiation is unset or enabled, the speed and duplex are not writable.
Mar  6 11:46:50 controlNode systemd[1]: Listening on Load/Save RF Kill Switch Status /dev/rfkill Watch.
Mar  6 11:46:50 controlNode systemd[1]: Started Clean up any mess left by 0dns-up.
Mar  6 11:46:50 controlNode mtp-probe: checking bus 2, device 2: "/sys/devices/pci0000:00/0000:00:06.0/usb2/2-1"
Mar  6 11:46:50 controlNode mtp-probe: bus: 2, device: 2 was not an MTP device
Mar  6 11:46:50 controlNode systemd[1]: Reached target Sound Card.
Mar  6 11:46:50 controlNode apparmor[287]: Skipping profile in /etc/apparmor.d/disable: usr.bin.firefox
Mar  6 11:46:50 controlNode systemd-udevd[320]: Process '/usr/sbin/alsactl -E HOME=/run/alsa restore 0' failed with exit code 99.
Mar  6 11:46:50 controlNode apparmor[287]: Skipping profile in /etc/apparmor.d/disable: usr.sbin.rsyslogd
Mar  6 11:46:50 controlNode apparmor[287]:    ...done.
Mar  6 11:46:50 controlNode systemd[1]: Started AppArmor initialization.
Mar  6 11:46:50 controlNode systemd[1]: Starting Raise network interfaces...
Mar  6 11:46:50 controlNode systemd[1]: Received SIGRTMIN+20 from PID 324 (plymouthd).
Mar  6 11:46:50 controlNode systemd[1]: Started Show Plymouth Boot Screen.
Mar  6 11:46:50 controlNode systemd[1]: Reached target Local Encrypted Volumes.
Mar  6 11:46:50 controlNode systemd[1]: Reached target System Initialization.
Mar  6 11:46:50 controlNode systemd[1]: Started Trigger anacron every hour.
Mar  6 11:46:50 controlNode systemd[1]: Listening on UUID daemon activation socket.
Mar  6 11:46:50 controlNode systemd[1]: Listening on ACPID Listen Socket.
Mar  6 11:46:50 controlNode systemd[1]: Started Daily Cleanup of Temporary Directories.
Mar  6 11:46:50 controlNode systemd[1]: Started Daily apt download activities.
Mar  6 11:46:50 controlNode systemd[1]: Started Message of the Day.
Mar  6 11:46:50 controlNode systemd[1]: Started ACPI Events Check.
Mar  6 11:46:50 controlNode systemd[1]: Started Daily apt upgrade and clean activities.
Mar  6 11:46:50 controlNode systemd[1]: Started Discard unused blocks once a week.
Mar  6 11:46:50 controlNode systemd[1]: Reached target Timers.
Mar  6 11:46:50 controlNode systemd[1]: Started CUPS Scheduler.
Mar  6 11:46:50 controlNode systemd[1]: Listening on D-Bus System Message Bus Socket.
Mar  6 11:46:50 controlNode systemd[1]: Listening on Avahi mDNS/DNS-SD Stack Activation Socket.
Mar  6 11:46:50 controlNode systemd[1]: Starting Socket activation for snappy daemon.
Mar  6 11:46:50 controlNode systemd[1]: Listening on CUPS Scheduler.
Mar  6 11:46:50 controlNode systemd[1]: Reached target Paths.
Mar  6 11:46:50 controlNode systemd[1]: Started Forward Password Requests to Plymouth Directory Watch.
Mar  6 11:46:50 controlNode systemd[1]: Listening on Socket activation for snappy daemon.
Mar  6 11:46:50 controlNode systemd[1]: Reached target Sockets.
Mar  6 11:46:50 controlNode systemd[1]: Reached target Basic System.
Mar  6 11:46:50 controlNode systemd[1]: Started CUPS Scheduler.
Mar  6 11:46:50 controlNode systemd[1]: Started ACPI event daemon.
Mar  6 11:46:50 controlNode systemd[1]: Starting LSB: automatic crash report generation...
Mar  6 11:46:50 controlNode systemd[1]: Started D-Bus System Message Bus.
Mar  6 11:46:50 controlNode dbus-daemon[533]: dbus[533]: Unknown group "power" in message bus configuration file
Mar  6 11:46:50 controlNode acpid: starting up with netlink and the input layer
Mar  6 11:46:50 controlNode acpid: 8 rules loaded
Mar  6 11:46:50 controlNode acpid: waiting for events: event logging is off
Mar  6 11:46:50 controlNode dbus-daemon[533]: [system] AppArmor D-Bus mediation is enabled
Mar  6 11:46:50 controlNode systemd[1]: Started Regular background program processing daemon.
Mar  6 11:46:50 controlNode systemd[1]: Starting Avahi mDNS/DNS-SD Stack...
Mar  6 11:46:50 controlNode systemd[1]: Starting Login Service...
Mar  6 11:46:50 controlNode systemd[1]: Reached target Login Prompts.
Mar  6 11:46:50 controlNode systemd[1]: Starting LSB: Record successful boot for GRUB...
Mar  6 11:46:50 controlNode systemd[1]: Starting System Logging Service...
Mar  6 11:46:50 controlNode systemd[1]: Starting Save/Restore Sound Card State...
Mar  6 11:46:50 controlNode systemd[1]: Starting Network Manager...
Mar  6 11:46:50 controlNode systemd[1]: Starting Detect the available GPUs and deal with any system changes...
Mar  6 11:46:50 controlNode systemd[1]: Starting Accounts Service...
Mar  6 11:46:50 controlNode systemd[1]: Starting Dispatcher daemon for systemd-networkd...
Mar  6 11:46:50 controlNode systemd[1]: Starting Thermal Daemon Service...
Mar  6 11:46:50 controlNode systemd[1]: Starting Disk Manager...
Mar  6 11:46:50 controlNode systemd[1]: Starting WPA supplicant...
Mar  6 11:46:50 controlNode systemd[1]: Started Run anacron jobs.
Mar  6 11:46:50 controlNode systemd[1]: Starting LSB: Speech Dispatcher...
Mar  6 11:46:50 controlNode systemd[1]: Starting Modem Manager...
Mar  6 11:46:50 controlNode systemd[1]: Starting Snappy daemon...
Mar  6 11:46:50 controlNode systemd[1]: Started irqbalance daemon.
Mar  6 11:46:50 controlNode systemd[1]: Starting Restore /etc/resolv.conf if the system crashed before the ppp link was shut down...
Mar  6 11:46:50 controlNode systemd[1]: Started Raise network interfaces.
Mar  6 11:46:50 controlNode alsactl[580]: /usr/sbin/alsactl: load_state:1683: Cannot open /var/lib/alsa/asound.state for reading: No such file or directory
Mar  6 11:46:50 controlNode alsactl[580]: Found hardware: "ICH" "Analog Devices AD1980" "AC97a:41445370" "0x1028" "0x0177"
Mar  6 11:46:50 controlNode alsactl[580]: Hardware is initialized using a generic method
Mar  6 11:46:50 controlNode systemd[1]: Started Save/Restore Sound Card State.
Mar  6 11:46:50 controlNode apport[532]:  * Starting automatic crash report generation: apport
Mar  6 11:46:50 controlNode anacron[572]: Anacron 2.3 started on 2024-03-06
Mar  6 11:46:50 controlNode cron[558]: (CRON) INFO (pidfile fd = 3)
Mar  6 11:46:50 controlNode anacron[572]: Will run job `cron.daily' in 5 min.
Mar  6 11:46:50 controlNode anacron[572]: Will run job `cron.weekly' in 10 min.
Mar  6 11:46:50 controlNode anacron[572]: Will run job `cron.monthly' in 15 min.
Mar  6 11:46:50 controlNode anacron[572]: Jobs will be executed sequentially
Mar  6 11:46:50 controlNode grub-common[561]:  * Recording successful boot for GRUB
Mar  6 11:46:50 controlNode speech-dispatcher[573]:  * speech-dispatcher disabled; edit /etc/default/speech-dispatcher
Mar  6 11:46:50 controlNode systemd[1]: Started LSB: Speech Dispatcher.
Mar  6 11:46:50 controlNode systemd[1]: Started Restore /etc/resolv.conf if the system crashed before the ppp link was shut down.
Mar  6 11:46:50 controlNode avahi-daemon[559]: Found user 'avahi' (UID 116) and group 'avahi' (GID 122).
Mar  6 11:46:50 controlNode avahi-daemon[559]: Successfully dropped root privileges.
Mar  6 11:46:50 controlNode avahi-daemon[559]: avahi-daemon 0.7 starting up.
Mar  6 11:46:50 controlNode avahi-daemon[559]: Successfully called chroot().
Mar  6 11:46:50 controlNode avahi-daemon[559]: Successfully dropped remaining capabilities.
Mar  6 11:46:50 controlNode avahi-daemon[559]: No service file found in /etc/avahi/services.
Mar  6 11:46:50 controlNode systemd[1]: Started Avahi mDNS/DNS-SD Stack.
Mar  6 11:46:50 controlNode systemd[1]: Started Make remote CUPS printers available locally.
Mar  6 11:46:50 controlNode avahi-daemon[559]: Joining mDNS multicast group on interface lo.IPv6 with address ::1.
Mar  6 11:46:50 controlNode avahi-daemon[559]: New relevant interface lo.IPv6 for mDNS.
Mar  6 11:46:50 controlNode avahi-daemon[559]: Joining mDNS multicast group on interface lo.IPv4 with address 127.0.0.1.
Mar  6 11:46:50 controlNode avahi-daemon[559]: New relevant interface lo.IPv4 for mDNS.
Mar  6 11:46:50 controlNode avahi-daemon[559]: Network interface enumeration completed.
Mar  6 11:46:50 controlNode avahi-daemon[559]: Registering new address record for ::1 on lo.*.
Mar  6 11:46:50 controlNode avahi-daemon[559]: Registering new address record for 127.0.0.1 on lo.IPv4.
Mar  6 11:46:50 controlNode gpu-manager[566]: Error: can't open /lib/modules/4.18.0-15-generic/updates/dkms
Mar  6 11:46:50 controlNode gpu-manager[566]: Error: can't open /lib/modules/4.18.0-15-generic/updates/dkms
Mar  6 11:46:50 controlNode systemd[1]: Started Detect the available GPUs and deal with any system changes.
Mar  6 11:46:50 controlNode cron[558]: (CRON) INFO (Running @reboot jobs)
Mar  6 11:46:50 controlNode systemd[1]: Started Login Service.
Mar  6 11:46:50 controlNode apport[532]:    ...done.
Mar  6 11:46:50 controlNode systemd[1]: Started LSB: automatic crash report generation.
Mar  6 11:46:50 controlNode udisksd[570]: udisks daemon version 2.7.6 starting
Mar  6 11:46:50 controlNode ModemManager[574]: <info>  ModemManager (version 1.6.8) starting in system bus...
Mar  6 11:46:50 controlNode rsyslogd: imuxsock: Acquired UNIX socket '/run/systemd/journal/syslog' (fd 3) from systemd.  [v8.32.0]
Mar  6 11:46:50 controlNode systemd[1]: Started System Logging Service.
Mar  6 11:46:50 controlNode rsyslogd: rsyslogd's groupid changed to 106
Mar  6 11:46:50 controlNode rsyslogd: rsyslogd's userid changed to 102
Mar  6 11:46:50 controlNode rsyslogd:  [origin software="rsyslogd" swVersion="8.32.0" x-pid="562" x-info="http://www.rsyslog.com"] start
Mar  6 11:46:50 controlNode kernel: [    0.000000] Linux version 4.18.0-15-generic (buildd@lcy01-amd64-029) (gcc version 7.3.0 (Ubuntu 7.3.0-16ubuntu3)) #16~18.04.1-Ubuntu SMP Thu Feb 7 14:06:04 UTC 2019 (Ubuntu 4.18.0-15.16~18.04.1-generic 4.18.20)
Mar  6 11:46:50 controlNode kernel: [    0.000000] Command line: BOOT_IMAGE=/boot/vmlinuz-4.18.0-15-generic root=UUID=9a6cdef9-f278-481c-a4ed-6c915da979e1 ro quiet splash
Mar  6 11:46:50 controlNode kernel: [    0.000000] KERNEL supported cpus:
Mar  6 11:46:50 controlNode kernel: [    0.000000]   Intel GenuineIntel
Mar  6 11:46:50 controlNode kernel: [    0.000000]   AMD AuthenticAMD
Mar  6 11:46:50 controlNode kernel: [    0.000000]   Centaur CentaurHauls
Mar  6 11:46:50 controlNode kernel: [    0.000000] x86/fpu: x87 FPU will use FXSAVE
Mar  6 11:46:50 controlNode kernel: [    0.000000] BIOS-provided physical RAM map:
Mar  6 11:46:50 controlNode kernel: [    0.000000] BIOS-e820: [mem 0x0000000000000000-0x000000000009fbff] usable
Mar  6 11:46:50 controlNode kernel: [    0.000000] BIOS-e820: [mem 0x000000000009fc00-0x000000000009ffff] reserved
Mar  6 11:46:50 controlNode kernel: [    0.000000] BIOS-e820: [mem 0x00000000000f0000-0x00000000000fffff] reserved
Mar  6 11:46:50 controlNode kernel: [    0.000000] BIOS-e820: [mem 0x0000000000100000-0x00000000dffeffff] usable
Mar  6 11:46:50 controlNode kernel: [    0.000000] BIOS-e820: [mem 0x00000000dfff0000-0x00000000dfffffff] ACPI data
Mar  6 11:46:50 controlNode kernel: [    0.000000] BIOS-e820: [mem 0x00000000fec00000-0x00000000fec00fff] reserved
Mar  6 11:46:50 controlNode kernel: [    0.000000] BIOS-e820: [mem 0x00000000fee00000-0x00000000fee00fff] reserved
Mar  6 11:46:50 controlNode kernel: [    0.000000] BIOS-e820: [mem 0x00000000fffc0000-0x00000000ffffffff] reserved
Mar  6 11:46:50 controlNode kernel: [    0.000000] BIOS-e820: [mem 0x0000000100000000-0x00000001b73fffff] usable
Mar  6 11:46:50 controlNode kernel: [    0.000000] NX (Execute Disable) protection: active
Mar  6 11:46:50 controlNode kernel: [    0.000000] SMBIOS 2.5 present.
Mar  6 11:46:50 controlNode kernel: [    0.000000] DMI: innotek GmbH VirtualBox/VirtualBox, BIOS VirtualBox 12/01/2006
Mar  6 11:46:50 controlNode kernel: [    0.000000] Hypervisor detected: KVM
Mar  6 11:46:50 controlNode kernel: [    0.000000] e820: update [mem 0x00000000-0x00000fff] usable ==> reserved
Mar  6 11:46:50 controlNode kernel: [    0.000000] e820: remove [mem 0x000a0000-0x000fffff] usable
Mar  6 11:46:50 controlNode kernel: [    0.000000] last_pfn = 0x1b7400 max_arch_pfn = 0x400000000
Mar  6 11:46:50 controlNode kernel: [    0.000000] MTRR default type: uncachable
Mar  6 11:46:50 controlNode kernel: [    0.000000] MTRR fixed ranges disabled:
Mar  6 11:46:50 controlNode kernel: [    0.000000]   00000-FFFFF uncachable
Mar  6 11:46:50 controlNode kernel: [    0.000000] MTRR variable ranges disabled:
Mar  6 11:46:50 controlNode kernel: [    0.000000]   0 disabled
Mar  6 11:46:50 controlNode kernel: [    0.000000]   1 disabled
Mar  6 11:46:50 controlNode kernel: [    0.000000]   2 disabled
Mar  6 11:46:50 controlNode kernel: [    0.000000]   3 disabled
Mar  6 11:46:50 controlNode kernel: [    0.000000]   4 disabled
Mar  6 11:46:50 controlNode kernel: [    0.000000]   5 disabled
Mar  6 11:46:50 controlNode kernel: [    0.000000]   6 disabled
Mar  6 11:46:50 controlNode kernel: [    0.000000]   7 disabled
Mar  6 11:46:50 controlNode kernel: [    0.000000] Disabled
Mar  6 11:46:50 controlNode kernel: [    0.000000] x86/PAT: MTRRs disabled, skipping PAT initialization too.
Mar  6 11:46:50 controlNode kernel: [    0.000000] CPU MTRRs all blank - virtualized system.
Mar  6 11:46:50 controlNode kernel: [    0.000000] x86/PAT: Configuration [0-7]: WB  WT  UC- UC  WB  WT  UC- UC  
Mar  6 11:46:50 controlNode kernel: [    0.000000] last_pfn = 0xdfff0 max_arch_pfn = 0x400000000
Mar  6 11:46:50 controlNode kernel: [    0.000000] found SMP MP-table at [mem 0x0009fff0-0x0009ffff] mapped at [(____ptrval____)]
Mar  6 11:46:50 controlNode kernel: [    0.000000] Scanning 1 areas for low memory corruption
Mar  6 11:46:50 controlNode kernel: [    0.000000] Base memory trampoline at [(____ptrval____)] 99000 size 24576
Mar  6 11:46:50 controlNode kernel: [    0.000000] BRK [0x8e763000, 0x8e763fff] PGTABLE
Mar  6 11:46:50 controlNode kernel: [    0.000000] BRK [0x8e764000, 0x8e764fff] PGTABLE
Mar  6 11:46:50 controlNode kernel: [    0.000000] BRK [0x8e765000, 0x8e765fff] PGTABLE
Mar  6 11:46:50 controlNode kernel: [    0.000000] BRK [0x8e766000, 0x8e766fff] PGTABLE
Mar  6 11:46:50 controlNode kernel: [    0.000000] BRK [0x8e767000, 0x8e767fff] PGTABLE
Mar  6 11:46:50 controlNode kernel: [    0.000000] BRK [0x8e768000, 0x8e768fff] PGTABLE
Mar  6 11:46:50 controlNode kernel: [    0.000000] BRK [0x8e769000, 0x8e769fff] PGTABLE
Mar  6 11:46:50 controlNode kernel: [    0.000000] RAMDISK: [mem 0x3123b000-0x34914fff]
Mar  6 11:46:50 controlNode kernel: [    0.000000] ACPI: Early table checksum verification disabled
Mar  6 11:46:50 controlNode kernel: [    0.000000] ACPI: RSDP 0x00000000000E0000 000024 (v02 VBOX  )
Mar  6 11:46:50 controlNode kernel: [    0.000000] ACPI: XSDT 0x00000000DFFF0030 00003C (v01 VBOX   VBOXXSDT 00000001 ASL  00000061)
Mar  6 11:46:50 controlNode kernel: [    0.000000] ACPI: FACP 0x00000000DFFF00F0 0000F4 (v04 VBOX   VBOXFACP 00000001 ASL  00000061)
Mar  6 11:46:50 controlNode kernel: [    0.000000] ACPI: DSDT 0x00000000DFFF0630 002353 (v02 VBOX   VBOXBIOS 00000002 INTL 20100528)
Mar  6 11:46:50 controlNode kernel: [    0.000000] ACPI: FACS 0x00000000DFFF0200 000040
Mar  6 11:46:50 controlNode kernel: [    0.000000] ACPI: FACS 0x00000000DFFF0200 000040
Mar  6 11:46:50 controlNode kernel: [    0.000000] ACPI: APIC 0x00000000DFFF0240 000074 (v02 VBOX   VBOXAPIC 00000001 ASL  00000061)
Mar  6 11:46:50 controlNode kernel: [    0.000000] ACPI: SSDT 0x00000000DFFF02C0 00036C (v01 VBOX   VBOXCPUT 00000002 INTL 20100528)
Mar  6 11:46:50 controlNode kernel: [    0.000000] ACPI: Local APIC address 0xfee00000
Mar  6 11:46:50 controlNode kernel: [    0.000000] No NUMA configuration found
Mar  6 11:46:50 controlNode kernel: [    0.000000] Faking a node at [mem 0x0000000000000000-0x00000001b73fffff]
Mar  6 11:46:50 controlNode kernel: [    0.000000] NODE_DATA(0) allocated [mem 0x1b73d1000-0x1b73fbfff]
Mar  6 11:46:50 controlNode kernel: [    0.000000] kvm-clock: cpu 0, msr 1:b7350001, primary cpu clock
Mar  6 11:46:50 controlNode kernel: [    0.000000] kvm-clock: Using msrs 4b564d01 and 4b564d00
Mar  6 11:46:50 controlNode kernel: [    0.000000] kvm-clock: using sched offset of 364766799800 cycles
Mar  6 11:46:50 controlNode kernel: [    0.000000] clocksource: kvm-clock: mask: 0xffffffffffffffff max_cycles: 0x1cd42e4dffb, max_idle_ns: 881590591483 ns
Mar  6 11:46:50 controlNode kernel: [    0.000000] Zone ranges:
Mar  6 11:46:50 controlNode kernel: [    0.000000]   DMA      [mem 0x0000000000001000-0x0000000000ffffff]
Mar  6 11:46:50 controlNode kernel: [    0.000000]   DMA32    [mem 0x0000000001000000-0x00000000ffffffff]
Mar  6 11:46:50 controlNode kernel: [    0.000000]   Normal   [mem 0x0000000100000000-0x00000001b73fffff]
Mar  6 11:46:50 controlNode kernel: [    0.000000]   Device   empty
Mar  6 11:46:50 controlNode kernel: [    0.000000] Movable zone start for each node
Mar  6 11:46:50 controlNode kernel: [    0.000000] Early memory node ranges
Mar  6 11:46:50 controlNode kernel: [    0.000000]   node   0: [mem 0x0000000000001000-0x000000000009efff]
Mar  6 11:46:50 controlNode kernel: [    0.000000]   node   0: [mem 0x0000000000100000-0x00000000dffeffff]
Mar  6 11:46:50 controlNode kernel: [    0.000000]   node   0: [mem 0x0000000100000000-0x00000001b73fffff]
Mar  6 11:46:50 controlNode kernel: [    0.000000] Reserved but unavailable: 114 pages
Mar  6 11:46:50 controlNode kernel: [    0.000000] Initmem setup node 0 [mem 0x0000000000001000-0x00000001b73fffff]
Mar  6 11:46:50 controlNode kernel: [    0.000000] On node 0 totalpages: 1667982
Mar  6 11:46:50 controlNode kernel: [    0.000000]   DMA zone: 64 pages used for memmap
Mar  6 11:46:50 controlNode kernel: [    0.000000]   DMA zone: 21 pages reserved
Mar  6 11:46:50 controlNode kernel: [    0.000000]   DMA zone: 3998 pages, LIFO batch:0
Mar  6 11:46:50 controlNode kernel: [    0.000000]   DMA32 zone: 14272 pages used for memmap
Mar  6 11:46:50 controlNode kernel: [    0.000000]   DMA32 zone: 913392 pages, LIFO batch:31
Mar  6 11:46:50 controlNode kernel: [    0.000000]   Normal zone: 11728 pages used for memmap
Mar  6 11:46:50 controlNode kernel: [    0.000000]   Normal zone: 750592 pages, LIFO batch:31
Mar  6 11:46:50 controlNode kernel: [    0.000000] ACPI: PM-Timer IO Port: 0x4008
Mar  6 11:46:50 controlNode kernel: [    0.000000] ACPI: Local APIC address 0xfee00000
Mar  6 11:46:50 controlNode kernel: [    0.000000] IOAPIC[0]: apic_id 5, version 32, address 0xfec00000, GSI 0-23
Mar  6 11:46:50 controlNode kernel: [    0.000000] ACPI: INT_SRC_OVR (bus 0 bus_irq 0 global_irq 2 dfl dfl)
Mar  6 11:46:50 controlNode kernel: [    0.000000] ACPI: INT_SRC_OVR (bus 0 bus_irq 9 global_irq 9 low level)
Mar  6 11:46:50 controlNode kernel: [    0.000000] ACPI: IRQ0 used by override.
Mar  6 11:46:50 controlNode kernel: [    0.000000] ACPI: IRQ9 used by override.
Mar  6 11:46:50 controlNode kernel: [    0.000000] Using ACPI (MADT) for SMP configuration information
Mar  6 11:46:50 controlNode kernel: [    0.000000] smpboot: Allowing 5 CPUs, 0 hotplug CPUs
Mar  6 11:46:50 controlNode kernel: [    0.000000] PM: Registered nosave memory: [mem 0x00000000-0x00000fff]
Mar  6 11:46:50 controlNode kernel: [    0.000000] PM: Registered nosave memory: [mem 0x0009f000-0x0009ffff]
Mar  6 11:46:50 controlNode kernel: [    0.000000] PM: Registered nosave memory: [mem 0x000a0000-0x000effff]
Mar  6 11:46:50 controlNode kernel: [    0.000000] PM: Registered nosave memory: [mem 0x000f0000-0x000fffff]
Mar  6 11:46:50 controlNode kernel: [    0.000000] PM: Registered nosave memory: [mem 0xdfff0000-0xdfffffff]
Mar  6 11:46:50 controlNode kernel: [    0.000000] PM: Registered nosave memory: [mem 0xe0000000-0xfebfffff]
Mar  6 11:46:50 controlNode kernel: [    0.000000] PM: Registered nosave memory: [mem 0xfec00000-0xfec00fff]
Mar  6 11:46:50 controlNode kernel: [    0.000000] PM: Registered nosave memory: [mem 0xfec01000-0xfedfffff]
Mar  6 11:46:50 controlNode kernel: [    0.000000] PM: Registered nosave memory: [mem 0xfee00000-0xfee00fff]
Mar  6 11:46:50 controlNode kernel: [    0.000000] PM: Registered nosave memory: [mem 0xfee01000-0xfffbffff]
Mar  6 11:46:50 controlNode kernel: [    0.000000] PM: Registered nosave memory: [mem 0xfffc0000-0xffffffff]
Mar  6 11:46:50 controlNode kernel: [    0.000000] [mem 0xe0000000-0xfebfffff] available for PCI devices
Mar  6 11:46:50 controlNode kernel: [    0.000000] Booting paravirtualized kernel on KVM
Mar  6 11:46:50 controlNode kernel: [    0.000000] clocksource: refined-jiffies: mask: 0xffffffff max_cycles: 0xffffffff, max_idle_ns: 7645519600211568 ns
Mar  6 11:46:50 controlNode kernel: [    0.000000] random: get_random_bytes called from start_kernel+0x99/0x55a with crng_init=0
Mar  6 11:46:50 controlNode kernel: [    0.000000] setup_percpu: NR_CPUS:8192 nr_cpumask_bits:5 nr_cpu_ids:5 nr_node_ids:1
Mar  6 11:46:50 controlNode kernel: [    0.000000] percpu: Embedded 46 pages/cpu @(____ptrval____) s151552 r8192 d28672 u1048576
Mar  6 11:46:50 controlNode kernel: [    0.000000] pcpu-alloc: s151552 r8192 d28672 u1048576 alloc=1*2097152
Mar  6 11:46:50 controlNode kernel: [    0.000000] pcpu-alloc: [0] 0 1 [0] 2 3 [0] 4 - 
Mar  6 11:46:50 controlNode kernel: [    0.000000] PV qspinlock hash table entries: 256 (order: 0, 4096 bytes)
Mar  6 11:46:50 controlNode kernel: [    0.000000] Built 1 zonelists, mobility grouping on.  Total pages: 1641897
Mar  6 11:46:50 controlNode kernel: [    0.000000] Policy zone: Normal
Mar  6 11:46:50 controlNode kernel: [    0.000000] Kernel command line: BOOT_IMAGE=/boot/vmlinuz-4.18.0-15-generic root=UUID=9a6cdef9-f278-481c-a4ed-6c915da979e1 ro quiet splash
Mar  6 11:46:50 controlNode kernel: [    0.000000] Calgary: detecting Calgary via BIOS EBDA area
Mar  6 11:46:50 controlNode kernel: [    0.000000] Calgary: Unable to locate Rio Grande table in EBDA - bailing!
Mar  6 11:46:50 controlNode kernel: [    0.000000] Memory: 6415500K/6671928K available (12300K kernel code, 2633K rwdata, 4360K rodata, 2464K init, 2340K bss, 256428K reserved, 0K cma-reserved)
Mar  6 11:46:50 controlNode kernel: [    0.000000] SLUB: HWalign=64, Order=0-3, MinObjects=0, CPUs=5, Nodes=1
Mar  6 11:46:50 controlNode kernel: [    0.000000] ftrace: allocating 40831 entries in 160 pages
Mar  6 11:46:50 controlNode kernel: [    0.004000] Hierarchical RCU implementation.
Mar  6 11:46:50 controlNode kernel: [    0.004000] 	RCU restricting CPUs from NR_CPUS=8192 to nr_cpu_ids=5.
Mar  6 11:46:50 controlNode kernel: [    0.004000] 	Tasks RCU enabled.
Mar  6 11:46:50 controlNode kernel: [    0.004000] RCU: Adjusting geometry for rcu_fanout_leaf=16, nr_cpu_ids=5
Mar  6 11:46:50 controlNode kernel: [    0.004000] NR_IRQS: 524544, nr_irqs: 464, preallocated irqs: 16
Mar  6 11:46:50 controlNode kernel: [    0.004000] Console: colour VGA+ 80x25
Mar  6 11:46:50 controlNode kernel: [    0.004000] console [tty0] enabled
Mar  6 11:46:50 controlNode kernel: [    0.004000] ACPI: Core revision 20180531
Mar  6 11:46:50 controlNode kernel: [    0.004000] APIC: Switch to symmetric I/O mode setup
Mar  6 11:46:50 controlNode kernel: [    0.008941] ..TIMER: vector=0x30 apic1=0 pin1=2 apic2=-1 pin2=-1
Mar  6 11:46:50 controlNode kernel: [    0.012001] tsc: Detected 2496.000 MHz processor
Mar  6 11:46:50 controlNode kernel: [    0.012008] clocksource: tsc-early: mask: 0xffffffffffffffff max_cycles: 0x23fa772cf26, max_idle_ns: 440795269835 ns
Mar  6 11:46:50 controlNode kernel: [    0.012009] Calibrating delay loop (skipped) preset value.. 4992.00 BogoMIPS (lpj=9984000)
Mar  6 11:46:50 controlNode kernel: [    0.012011] pid_max: default: 32768 minimum: 301
Mar  6 11:46:50 controlNode kernel: [    0.012039] Security Framework initialized
Mar  6 11:46:50 controlNode kernel: [    0.012040] Yama: becoming mindful.
Mar  6 11:46:50 controlNode kernel: [    0.012092] AppArmor: AppArmor initialized
Mar  6 11:46:50 controlNode kernel: [    0.012657] Dentry cache hash table entries: 1048576 (order: 11, 8388608 bytes)
Mar  6 11:46:50 controlNode kernel: [    0.012975] Inode-cache hash table entries: 524288 (order: 10, 4194304 bytes)
Mar  6 11:46:50 controlNode kernel: [    0.012992] Mount-cache hash table entries: 16384 (order: 5, 131072 bytes)
Mar  6 11:46:50 controlNode kernel: [    0.013056] Mountpoint-cache hash table entries: 16384 (order: 5, 131072 bytes)
Mar  6 11:46:50 controlNode kernel: [    0.013688] mce: CPU supports 0 MCE banks
Mar  6 11:46:50 controlNode kernel: [    0.013738] Last level iTLB entries: 4KB 0, 2MB 0, 4MB 0
Mar  6 11:46:50 controlNode kernel: [    0.013738] Last level dTLB entries: 4KB 0, 2MB 0, 4MB 0, 1GB 0
Mar  6 11:46:50 controlNode kernel: [    0.013740] Spectre V2 : Mitigation: Enhanced IBRS
Mar  6 11:46:50 controlNode kernel: [    0.013740] Spectre V2 : Spectre v2 / SpectreRSB mitigation: Filling RSB on context switch
Mar  6 11:46:50 controlNode kernel: [    0.013740] Speculative Store Bypass: Vulnerable
Mar  6 11:46:50 controlNode kernel: [    0.013795] Freeing SMP alternatives memory: 36K
Mar  6 11:46:50 controlNode kernel: [    0.016000] smpboot: CPU0: 12th Gen Intel(R) Core(TM) i5-12400 (family: 0x6, model: 0x97, stepping: 0x2)
Mar  6 11:46:50 controlNode kernel: [    0.016000] Performance Events: unsupported p6 CPU model 151 no PMU driver, software events only.
Mar  6 11:46:50 controlNode kernel: [    0.016000] Hierarchical SRCU implementation.
Mar  6 11:46:50 controlNode kernel: [    0.016000] NMI watchdog: Perf event create on CPU 0 failed with -2
Mar  6 11:46:50 controlNode kernel: [    0.016000] NMI watchdog: Perf NMI watchdog permanently disabled
Mar  6 11:46:50 controlNode kernel: [    0.016000] smp: Bringing up secondary CPUs ...
Mar  6 11:46:50 controlNode kernel: [    0.016000] x86: Booting SMP configuration:
Mar  6 11:46:50 controlNode kernel: [    0.016000] .... node  #0, CPUs:      #1
Mar  6 11:46:50 controlNode kernel: [    0.004000] kvm-clock: cpu 1, msr 1:b7350041, secondary cpu clock
Mar  6 11:46:50 controlNode kernel: [    0.004000] mce: CPU supports 0 MCE banks
Mar  6 11:46:50 controlNode kernel: [    0.016000] TSC synchronization [CPU#0 -> CPU#1]:
Mar  6 11:46:50 controlNode kernel: [    0.016000] Measured 32559 cycles TSC warp between CPUs, turning off TSC clock.
Mar  6 11:46:50 controlNode kernel: [    0.016000] tsc: Marking TSC unstable due to check_tsc_sync_source failed
Mar  6 11:46:50 controlNode kernel: [    0.016228]  #2
Mar  6 11:46:50 controlNode kernel: [    0.004000] kvm-clock: cpu 2, msr 1:b7350081, secondary cpu clock
Mar  6 11:46:50 controlNode kernel: [    0.004000] mce: CPU supports 0 MCE banks
Mar  6 11:46:50 controlNode kernel: [    0.020359]  #3
Mar  6 11:46:50 controlNode kernel: [    0.004000] kvm-clock: cpu 3, msr 1:b73500c1, secondary cpu clock
Mar  6 11:46:50 controlNode kernel: [    0.004000] mce: CPU supports 0 MCE banks
Mar  6 11:46:50 controlNode kernel: [    0.022075]  #4
Mar  6 11:46:50 controlNode kernel: [    0.004000] kvm-clock: cpu 4, msr 1:b7350101, secondary cpu clock
Mar  6 11:46:50 controlNode kernel: [    0.004000] mce: CPU supports 0 MCE banks
Mar  6 11:46:50 controlNode kernel: [    0.025002] smp: Brought up 1 node, 5 CPUs
Mar  6 11:46:50 controlNode kernel: [    0.025002] smpboot: Max logical packages: 1
Mar  6 11:46:50 controlNode kernel: [    0.025002] smpboot: Total of 5 processors activated (24960.00 BogoMIPS)
Mar  6 11:46:50 controlNode kernel: [    0.025002] devtmpfs: initialized
Mar  6 11:46:50 controlNode kernel: [    0.025002] x86/mm: Memory block size: 128MB
Mar  6 11:46:50 controlNode kernel: [    0.025002] clocksource: jiffies: mask: 0xffffffff max_cycles: 0xffffffff, max_idle_ns: 7645041785100000 ns
Mar  6 11:46:50 controlNode kernel: [    0.025002] futex hash table entries: 2048 (order: 5, 131072 bytes)
Mar  6 11:46:50 controlNode kernel: [    0.028393] pinctrl core: initialized pinctrl subsystem
Mar  6 11:46:50 controlNode kernel: [    0.028658] RTC time:  3:46:40, date: 03/06/24
Mar  6 11:46:50 controlNode kernel: [    0.029308] NET: Registered protocol family 16
Mar  6 11:46:50 controlNode kernel: [    0.029355] audit: initializing netlink subsys (disabled)
Mar  6 11:46:50 controlNode kernel: [    0.029442] audit: type=2000 audit(1709697167.817:1): state=initialized audit_enabled=0 res=1
Mar  6 11:46:50 controlNode kernel: [    0.029442] cpuidle: using governor ladder
Mar  6 11:46:50 controlNode kernel: [    0.029442] cpuidle: using governor menu
Mar  6 11:46:50 controlNode kernel: [    0.029442] ACPI: bus type PCI registered
Mar  6 11:46:50 controlNode kernel: [    0.029442] acpiphp: ACPI Hot Plug PCI Controller Driver version: 0.5
Mar  6 11:46:50 controlNode kernel: [    0.029442] PCI: Using configuration type 1 for base access
Mar  6 11:46:50 controlNode kernel: [    0.032181] HugeTLB registered 2.00 MiB page size, pre-allocated 0 pages
Mar  6 11:46:50 controlNode kernel: [    0.032575] ACPI: Added _OSI(Module Device)
Mar  6 11:46:50 controlNode kernel: [    0.032576] ACPI: Added _OSI(Processor Device)
Mar  6 11:46:50 controlNode kernel: [    0.032576] ACPI: Added _OSI(3.0 _SCP Extensions)
Mar  6 11:46:50 controlNode kernel: [    0.032577] ACPI: Added _OSI(Processor Aggregator Device)
Mar  6 11:46:50 controlNode kernel: [    0.032578] ACPI: Added _OSI(Linux-Dell-Video)
Mar  6 11:46:50 controlNode kernel: [    0.032578] ACPI: Added _OSI(Linux-Lenovo-NV-HDMI-Audio)
Mar  6 11:46:50 controlNode kernel: [    0.036601] ACPI: 2 ACPI AML tables successfully acquired and loaded
Mar  6 11:46:50 controlNode kernel: [    0.038194] ACPI: Interpreter enabled
Mar  6 11:46:50 controlNode kernel: [    0.038201] ACPI: (supports S0 S5)
Mar  6 11:46:50 controlNode kernel: [    0.038201] ACPI: Using IOAPIC for interrupt routing
Mar  6 11:46:50 controlNode kernel: [    0.038393] PCI: Using host bridge windows from ACPI; if necessary, use "pci=nocrs" and report a bug
Mar  6 11:46:50 controlNode kernel: [    0.038481] ACPI: Enabled 2 GPEs in block 00 to 07
Mar  6 11:46:50 controlNode kernel: [    0.041046] ACPI: PCI Root Bridge [PCI0] (domain 0000 [bus 00-ff])
Mar  6 11:46:50 controlNode kernel: [    0.041048] acpi PNP0A03:00: _OSC: OS supports [ASPM ClockPM Segments MSI]
Mar  6 11:46:50 controlNode kernel: [    0.041430] acpi PNP0A03:00: _OSC: not requesting OS control; OS requires [ExtendedConfig ASPM ClockPM MSI]
Mar  6 11:46:50 controlNode kernel: [    0.041435] acpi PNP0A03:00: fail to add MMCONFIG information, can't access extended PCI configuration space under this bridge.
Mar  6 11:46:50 controlNode kernel: [    0.041759] PCI host bridge to bus 0000:00
Mar  6 11:46:50 controlNode kernel: [    0.041761] pci_bus 0000:00: root bus resource [io  0x0000-0x0cf7 window]
Mar  6 11:46:50 controlNode kernel: [    0.041761] pci_bus 0000:00: root bus resource [io  0x0d00-0xffff window]
Mar  6 11:46:50 controlNode kernel: [    0.041762] pci_bus 0000:00: root bus resource [mem 0x000a0000-0x000bffff window]
Mar  6 11:46:50 controlNode kernel: [    0.041763] pci_bus 0000:00: root bus resource [mem 0xe0000000-0xfdffffff window]
Mar  6 11:46:50 controlNode kernel: [    0.041764] pci_bus 0000:00: root bus resource [bus 00-ff]
Mar  6 11:46:50 controlNode kernel: [    0.041828] pci 0000:00:00.0: [8086:1237] type 00 class 0x060000
Mar  6 11:46:50 controlNode kernel: [    0.044000] pci 0000:00:01.0: [8086:7000] type 00 class 0x060100
Mar  6 11:46:50 controlNode kernel: [    0.044156] pci 0000:00:01.1: [8086:7111] type 00 class 0x01018a
Mar  6 11:46:50 controlNode kernel: [    0.044761] pci 0000:00:01.1: reg 0x20: [io  0xd000-0xd00f]
Mar  6 11:46:50 controlNode kernel: [    0.045037] pci 0000:00:01.1: legacy IDE quirk: reg 0x10: [io  0x01f0-0x01f7]
Mar  6 11:46:50 controlNode kernel: [    0.045038] pci 0000:00:01.1: legacy IDE quirk: reg 0x14: [io  0x03f6]
Mar  6 11:46:50 controlNode kernel: [    0.045039] pci 0000:00:01.1: legacy IDE quirk: reg 0x18: [io  0x0170-0x0177]
Mar  6 11:46:50 controlNode kernel: [    0.045039] pci 0000:00:01.1: legacy IDE quirk: reg 0x1c: [io  0x0376]
Mar  6 11:46:50 controlNode kernel: [    0.047524] pci 0000:00:02.0: [15ad:0405] type 00 class 0x030000
Mar  6 11:46:50 controlNode kernel: [    0.048000] pci 0000:00:02.0: reg 0x10: [io  0xd010-0xd01f]
Mar  6 11:46:50 controlNode kernel: [    0.048000] pci 0000:00:02.0: reg 0x14: [mem 0xe0000000-0xe0ffffff pref]
Mar  6 11:46:50 controlNode kernel: [    0.048000] pci 0000:00:02.0: reg 0x18: [mem 0xf0000000-0xf01fffff]
Mar  6 11:46:50 controlNode kernel: [    0.051976] pci 0000:00:03.0: [8086:100e] type 00 class 0x020000
Mar  6 11:46:50 controlNode kernel: [    0.052000] pci 0000:00:03.0: reg 0x10: [mem 0xf0200000-0xf021ffff]
Mar  6 11:46:50 controlNode kernel: [    0.052000] pci 0000:00:03.0: reg 0x18: [io  0xd020-0xd027]
Mar  6 11:46:50 controlNode kernel: [    0.054594] pci 0000:00:04.0: [80ee:cafe] type 00 class 0x088000
Mar  6 11:46:50 controlNode kernel: [    0.055054] pci 0000:00:04.0: reg 0x10: [io  0xd040-0xd05f]
Mar  6 11:46:50 controlNode kernel: [    0.055358] pci 0000:00:04.0: reg 0x14: [mem 0xf0400000-0xf07fffff]
Mar  6 11:46:50 controlNode kernel: [    0.055673] pci 0000:00:04.0: reg 0x18: [mem 0xf0800000-0xf0803fff pref]
Mar  6 11:46:50 controlNode kernel: [    0.057725] pci 0000:00:05.0: [8086:2415] type 00 class 0x040100
Mar  6 11:46:50 controlNode kernel: [    0.057942] pci 0000:00:05.0: reg 0x10: [io  0xd100-0xd1ff]
Mar  6 11:46:50 controlNode kernel: [    0.058048] pci 0000:00:05.0: reg 0x14: [io  0xd200-0xd23f]
Mar  6 11:46:50 controlNode kernel: [    0.060000] pci 0000:00:06.0: [106b:003f] type 00 class 0x0c0310
Mar  6 11:46:50 controlNode kernel: [    0.060000] pci 0000:00:06.0: reg 0x10: [mem 0xf0804000-0xf0804fff]
Mar  6 11:46:50 controlNode kernel: [    0.063130] pci 0000:00:07.0: [8086:7113] type 00 class 0x068000
Mar  6 11:46:50 controlNode kernel: [    0.063773] pci 0000:00:07.0: quirk: [io  0x4000-0x403f] claimed by PIIX4 ACPI
Mar  6 11:46:50 controlNode kernel: [    0.063788] pci 0000:00:07.0: quirk: [io  0x4100-0x410f] claimed by PIIX4 SMB
Mar  6 11:46:50 controlNode kernel: [    0.069706] pci 0000:00:0b.0: [8086:265c] type 00 class 0x0c0320
Mar  6 11:46:50 controlNode kernel: [    0.070031] pci 0000:00:0b.0: reg 0x10: [mem 0xf0805000-0xf0805fff]
Mar  6 11:46:50 controlNode kernel: [    0.073869] pci 0000:00:0d.0: [8086:2829] type 00 class 0x010601
Mar  6 11:46:50 controlNode kernel: [    0.074154] pci 0000:00:0d.0: reg 0x10: [io  0xd240-0xd247]
Mar  6 11:46:50 controlNode kernel: [    0.074272] pci 0000:00:0d.0: reg 0x14: [io  0xd248-0xd24b]
Mar  6 11:46:50 controlNode kernel: [    0.074389] pci 0000:00:0d.0: reg 0x18: [io  0xd250-0xd257]
Mar  6 11:46:50 controlNode kernel: [    0.074505] pci 0000:00:0d.0: reg 0x1c: [io  0xd258-0xd25b]
Mar  6 11:46:50 controlNode kernel: [    0.074621] pci 0000:00:0d.0: reg 0x20: [io  0xd260-0xd26f]
Mar  6 11:46:50 controlNode kernel: [    0.074755] pci 0000:00:0d.0: reg 0x24: [mem 0xf0806000-0xf0807fff]
Mar  6 11:46:50 controlNode kernel: [    0.104000] ACPI: PCI Interrupt Link [LNKA] (IRQs 5 9 10 *11)
Mar  6 11:46:50 controlNode kernel: [    0.104000] ACPI: PCI Interrupt Link [LNKB] (IRQs 5 9 *10 11)
Mar  6 11:46:50 controlNode kernel: [    0.104000] ACPI: PCI Interrupt Link [LNKC] (IRQs 5 *9 10 11)
Mar  6 11:46:50 controlNode kernel: [    0.104000] ACPI: PCI Interrupt Link [LNKD] (IRQs 5 9 10 *11)
Mar  6 11:46:50 controlNode kernel: [    0.104000] SCSI subsystem initialized
Mar  6 11:46:50 controlNode kernel: [    0.104214] libata version 3.00 loaded.
Mar  6 11:46:50 controlNode kernel: [    0.104214] pci 0000:00:02.0: vgaarb: setting as boot VGA device
Mar  6 11:46:50 controlNode kernel: [    0.104214] pci 0000:00:02.0: vgaarb: VGA device added: decodes=io+mem,owns=io+mem,locks=none
Mar  6 11:46:50 controlNode kernel: [    0.104214] pci 0000:00:02.0: vgaarb: bridge control possible
Mar  6 11:46:50 controlNode kernel: [    0.104214] vgaarb: loaded
Mar  6 11:46:50 controlNode kernel: [    0.104214] ACPI: bus type USB registered
Mar  6 11:46:50 controlNode kernel: [    0.104214] usbcore: registered new interface driver usbfs
Mar  6 11:46:50 controlNode kernel: [    0.104214] usbcore: registered new interface driver hub
Mar  6 11:46:50 controlNode kernel: [    0.104552] usbcore: registered new device driver usb
Mar  6 11:46:50 controlNode kernel: [    0.104567] pps_core: LinuxPPS API ver. 1 registered
Mar  6 11:46:50 controlNode kernel: [    0.104567] pps_core: Software ver. 5.3.6 - Copyright 2005-2007 Rodolfo Giometti <giometti@linux.it>
Mar  6 11:46:50 controlNode kernel: [    0.104571] PTP clock support registered
Mar  6 11:46:50 controlNode kernel: [    0.104959] EDAC MC: Ver: 3.0.0
Mar  6 11:46:50 controlNode kernel: [    0.104959] PCI: Using ACPI for IRQ routing
Mar  6 11:46:50 controlNode kernel: [    0.104959] PCI: pci_cache_line_size set to 64 bytes
Mar  6 11:46:50 controlNode kernel: [    0.104959] e820: reserve RAM buffer [mem 0x0009fc00-0x0009ffff]
Mar  6 11:46:50 controlNode kernel: [    0.104959] e820: reserve RAM buffer [mem 0xdfff0000-0xdfffffff]
Mar  6 11:46:50 controlNode kernel: [    0.104959] e820: reserve RAM buffer [mem 0x1b7400000-0x1b7ffffff]
Mar  6 11:46:50 controlNode kernel: [    0.104959] NetLabel: Initializing
Mar  6 11:46:50 controlNode kernel: [    0.104959] NetLabel:  domain hash size = 128
Mar  6 11:46:50 controlNode kernel: [    0.104959] NetLabel:  protocols = UNLABELED CIPSOv4 CALIPSO
Mar  6 11:46:50 controlNode kernel: [    0.104959] NetLabel:  unlabeled traffic allowed by default
Mar  6 11:46:50 controlNode kernel: [    0.109051] clocksource: Switched to clocksource kvm-clock
Mar  6 11:46:50 controlNode kernel: [    0.121913] VFS: Disk quotas dquot_6.6.0
Mar  6 11:46:50 controlNode kernel: [    0.121923] VFS: Dquot-cache hash table entries: 512 (order 0, 4096 bytes)
Mar  6 11:46:50 controlNode kernel: [    0.122009] AppArmor: AppArmor Filesystem Enabled
Mar  6 11:46:50 controlNode kernel: [    0.122025] pnp: PnP ACPI init
Mar  6 11:46:50 controlNode kernel: [    0.122069] pnp 00:00: Plug and Play ACPI device, IDs PNP0303 (active)
Mar  6 11:46:50 controlNode kernel: [    0.122116] pnp 00:01: Plug and Play ACPI device, IDs PNP0f03 (active)
Mar  6 11:46:50 controlNode kernel: [    0.122755] pnp: PnP ACPI: found 2 devices
Mar  6 11:46:50 controlNode kernel: [    0.144723] clocksource: acpi_pm: mask: 0xffffff max_cycles: 0xffffff, max_idle_ns: 2085701024 ns
Mar  6 11:46:50 controlNode kernel: [    0.144731] pci_bus 0000:00: resource 4 [io  0x0000-0x0cf7 window]
Mar  6 11:46:50 controlNode kernel: [    0.144732] pci_bus 0000:00: resource 5 [io  0x0d00-0xffff window]
Mar  6 11:46:50 controlNode kernel: [    0.144733] pci_bus 0000:00: resource 6 [mem 0x000a0000-0x000bffff window]
Mar  6 11:46:50 controlNode kernel: [    0.144734] pci_bus 0000:00: resource 7 [mem 0xe0000000-0xfdffffff window]
Mar  6 11:46:50 controlNode kernel: [    0.144774] NET: Registered protocol family 2
Mar  6 11:46:50 controlNode kernel: [    0.144969] tcp_listen_portaddr_hash hash table entries: 4096 (order: 4, 65536 bytes)
Mar  6 11:46:50 controlNode kernel: [    0.145177] TCP established hash table entries: 65536 (order: 7, 524288 bytes)
Mar  6 11:46:50 controlNode kernel: [    0.145250] TCP bind hash table entries: 65536 (order: 8, 1048576 bytes)
Mar  6 11:46:50 controlNode kernel: [    0.146887] TCP: Hash tables configured (established 65536 bind 65536)
Mar  6 11:46:50 controlNode kernel: [    0.147095] UDP hash table entries: 4096 (order: 5, 131072 bytes)
Mar  6 11:46:50 controlNode kernel: [    0.147124] UDP-Lite hash table entries: 4096 (order: 5, 131072 bytes)
Mar  6 11:46:50 controlNode kernel: [    0.147403] NET: Registered protocol family 1
Mar  6 11:46:50 controlNode kernel: [    0.147407] NET: Registered protocol family 44
Mar  6 11:46:50 controlNode kernel: [    0.147411] pci 0000:00:00.0: Limiting direct PCI/PCI transfers
Mar  6 11:46:50 controlNode kernel: [    0.147461] pci 0000:00:01.0: Activating ISA DMA hang workarounds
Mar  6 11:46:50 controlNode kernel: [    0.147547] pci 0000:00:02.0: Video device with shadowed ROM at [mem 0x000c0000-0x000dffff]
Mar  6 11:46:50 controlNode kernel: [    0.150318] PCI: CLS 0 bytes, default 64
Mar  6 11:46:50 controlNode kernel: [    0.150341] Unpacking initramfs...
Mar  6 11:46:50 controlNode kernel: [    0.696188] Freeing initrd memory: 56168K
Mar  6 11:46:50 controlNode kernel: [    0.696188] PCI-DMA: Using software bounce buffering for IO (SWIOTLB)
Mar  6 11:46:50 controlNode kernel: [    0.696188] software IO TLB [mem 0xdbff0000-0xdfff0000] (64MB) mapped at [(____ptrval____)-(____ptrval____)]
Mar  6 11:46:50 controlNode kernel: [    0.696188] platform rtc_cmos: registered platform RTC device (no PNP device found)
Mar  6 11:46:50 controlNode kernel: [    0.696188] Scanning for low memory corruption every 60 seconds
Mar  6 11:46:50 controlNode kernel: [    0.698993] Initialise system trusted keyrings
Mar  6 11:46:50 controlNode kernel: [    0.699000] Key type blacklist registered
Mar  6 11:46:50 controlNode kernel: [    0.699481] workingset: timestamp_bits=36 max_order=21 bucket_order=0
Mar  6 11:46:50 controlNode kernel: [    0.700234] zbud: loaded
Mar  6 11:46:50 controlNode kernel: [    0.700994] squashfs: version 4.0 (2009/01/31) Phillip Lougher
Mar  6 11:46:50 controlNode kernel: [    0.701576] fuse init (API version 7.27)
Mar  6 11:46:50 controlNode kernel: [    0.701788] pstore: using deflate compression
Mar  6 11:46:50 controlNode kernel: [    0.718015] Key type asymmetric registered
Mar  6 11:46:50 controlNode kernel: [    0.718015] Asymmetric key parser 'x509' registered
Mar  6 11:46:50 controlNode kernel: [    0.718040] Block layer SCSI generic (bsg) driver version 0.4 loaded (major 244)
Mar  6 11:46:50 controlNode kernel: [    0.718422] io scheduler noop registered
Mar  6 11:46:50 controlNode kernel: [    0.718423] io scheduler deadline registered
Mar  6 11:46:50 controlNode kernel: [    0.718445] io scheduler cfq registered (default)
Mar  6 11:46:50 controlNode kernel: [    0.719255] shpchp: Standard Hot Plug PCI Controller Driver version: 0.4
Mar  6 11:46:50 controlNode kernel: [    0.719279] intel_idle: does not run on family 6 model 151
Mar  6 11:46:50 controlNode kernel: [    0.719350] ACPI: AC Adapter [AC] (on-line)
Mar  6 11:46:50 controlNode kernel: [    0.719373] input: Power Button as /devices/LNXSYSTM:00/LNXPWRBN:00/input/input0
Mar  6 11:46:50 controlNode kernel: [    0.719381] ACPI: Power Button [PWRF]
Mar  6 11:46:50 controlNode kernel: [    0.719426] input: Sleep Button as /devices/LNXSYSTM:00/LNXSLPBN:00/input/input1
Mar  6 11:46:50 controlNode kernel: [    0.719429] ACPI: Sleep Button [SLPF]
Mar  6 11:46:50 controlNode kernel: [    0.720518] Serial: 8250/16550 driver, 32 ports, IRQ sharing enabled
Mar  6 11:46:50 controlNode kernel: [    0.726734] Linux agpgart interface v0.103
Mar  6 11:46:50 controlNode kernel: [    0.730248] loop: module loaded
Mar  6 11:46:50 controlNode kernel: [    0.730301] ata_piix 0000:00:01.1: version 2.13
Mar  6 11:46:50 controlNode kernel: [    0.732122] scsi host0: ata_piix
Mar  6 11:46:50 controlNode kernel: [    0.732946] scsi host1: ata_piix
Mar  6 11:46:50 controlNode kernel: [    0.732968] ata1: PATA max UDMA/33 cmd 0x1f0 ctl 0x3f6 bmdma 0xd000 irq 14
Mar  6 11:46:50 controlNode kernel: [    0.732968] ata2: PATA max UDMA/33 cmd 0x170 ctl 0x376 bmdma 0xd008 irq 15
Mar  6 11:46:50 controlNode kernel: [    0.733057] libphy: Fixed MDIO Bus: probed
Mar  6 11:46:50 controlNode kernel: [    0.733057] tun: Universal TUN/TAP device driver, 1.6
Mar  6 11:46:50 controlNode kernel: [    0.733608] PPP generic driver version 2.4.2
Mar  6 11:46:50 controlNode kernel: [    0.734335] ehci_hcd: USB 2.0 'Enhanced' Host Controller (EHCI) Driver
Mar  6 11:46:50 controlNode kernel: [    0.734338] ehci-pci: EHCI PCI platform driver
Mar  6 11:46:50 controlNode kernel: [    0.734886] ehci-pci 0000:00:0b.0: EHCI Host Controller
Mar  6 11:46:50 controlNode kernel: [    0.734891] ehci-pci 0000:00:0b.0: new USB bus registered, assigned bus number 1
Mar  6 11:46:50 controlNode kernel: [    0.735367] ehci-pci 0000:00:0b.0: irq 19, io mem 0xf0805000
Mar  6 11:46:50 controlNode kernel: [    0.748128] ehci-pci 0000:00:0b.0: USB 2.0 started, EHCI 1.00
Mar  6 11:46:50 controlNode kernel: [    0.748184] usb usb1: New USB device found, idVendor=1d6b, idProduct=0002, bcdDevice= 4.18
Mar  6 11:46:50 controlNode kernel: [    0.748185] usb usb1: New USB device strings: Mfr=3, Product=2, SerialNumber=1
Mar  6 11:46:50 controlNode kernel: [    0.748186] usb usb1: Product: EHCI Host Controller
Mar  6 11:46:50 controlNode kernel: [    0.748187] usb usb1: Manufacturer: Linux 4.18.0-15-generic ehci_hcd
Mar  6 11:46:50 controlNode kernel: [    0.748188] usb usb1: SerialNumber: 0000:00:0b.0
Mar  6 11:46:50 controlNode kernel: [    0.748536] hub 1-0:1.0: USB hub found
Mar  6 11:46:50 controlNode kernel: [    0.748539] hub 1-0:1.0: 12 ports detected
Mar  6 11:46:50 controlNode kernel: [    0.748943] ehci-platform: EHCI generic platform driver
Mar  6 11:46:50 controlNode kernel: [    0.748948] ohci_hcd: USB 1.1 'Open' Host Controller (OHCI) Driver
Mar  6 11:46:50 controlNode kernel: [    0.748951] ohci-pci: OHCI PCI platform driver
Mar  6 11:46:50 controlNode kernel: [    0.749481] ohci-pci 0000:00:06.0: OHCI PCI host controller
Mar  6 11:46:50 controlNode kernel: [    0.749483] ohci-pci 0000:00:06.0: new USB bus registered, assigned bus number 2
Mar  6 11:46:50 controlNode kernel: [    0.749720] ohci-pci 0000:00:06.0: irq 22, io mem 0xf0804000
Mar  6 11:46:50 controlNode kernel: [    0.808899] usb usb2: New USB device found, idVendor=1d6b, idProduct=0001, bcdDevice= 4.18
Mar  6 11:46:50 controlNode kernel: [    0.808900] usb usb2: New USB device strings: Mfr=3, Product=2, SerialNumber=1
Mar  6 11:46:50 controlNode kernel: [    0.808901] usb usb2: Product: OHCI PCI host controller
Mar  6 11:46:50 controlNode kernel: [    0.808902] usb usb2: Manufacturer: Linux 4.18.0-15-generic ohci_hcd
Mar  6 11:46:50 controlNode kernel: [    0.808902] usb usb2: SerialNumber: 0000:00:06.0
Mar  6 11:46:50 controlNode kernel: [    0.809234] hub 2-0:1.0: USB hub found
Mar  6 11:46:50 controlNode kernel: [    0.809282] hub 2-0:1.0: 12 ports detected
Mar  6 11:46:50 controlNode kernel: [    0.810009] ohci-platform: OHCI generic platform driver
Mar  6 11:46:50 controlNode kernel: [    0.810016] uhci_hcd: USB Universal Host Controller Interface driver
Mar  6 11:46:50 controlNode kernel: [    0.810050] i8042: PNP: PS/2 Controller [PNP0303:PS2K,PNP0f03:PS2M] at 0x60,0x64 irq 1,12
Mar  6 11:46:50 controlNode kernel: [    0.811934] serio: i8042 KBD port at 0x60,0x64 irq 1
Mar  6 11:46:50 controlNode kernel: [    0.811954] serio: i8042 AUX port at 0x60,0x64 irq 12
Mar  6 11:46:50 controlNode kernel: [    0.812525] mousedev: PS/2 mouse device common for all mice
Mar  6 11:46:50 controlNode kernel: [    0.814616] input: AT Translated Set 2 keyboard as /devices/platform/i8042/serio0/input/input2
Mar  6 11:46:50 controlNode kernel: [    0.814653] rtc_cmos rtc_cmos: registered as rtc0
Mar  6 11:46:50 controlNode kernel: [    0.814661] rtc_cmos rtc_cmos: alarms up to one day, 114 bytes nvram
Mar  6 11:46:50 controlNode kernel: [    0.814665] i2c /dev entries driver
Mar  6 11:46:50 controlNode kernel: [    0.814669] pcie_mp2_amd: AMD(R) PCI-E MP2 Communication Driver Version: 1.0
Mar  6 11:46:50 controlNode kernel: [    0.814707] device-mapper: uevent: version 1.0.3
Mar  6 11:46:50 controlNode kernel: [    0.815334] device-mapper: ioctl: 4.39.0-ioctl (2018-04-03) initialised: dm-devel@redhat.com
Mar  6 11:46:50 controlNode kernel: [    0.816388] ledtrig-cpu: registered to indicate activity on CPUs
Mar  6 11:46:50 controlNode kernel: [    0.817981] NET: Registered protocol family 10
Mar  6 11:46:50 controlNode kernel: [    0.823647] Segment Routing with IPv6
Mar  6 11:46:50 controlNode kernel: [    0.823663] NET: Registered protocol family 17
Mar  6 11:46:50 controlNode kernel: [    0.823903] Key type dns_resolver registered
Mar  6 11:46:50 controlNode kernel: [    0.825141] RAS: Correctable Errors collector initialized.
Mar  6 11:46:50 controlNode kernel: [    0.825147] sched_clock: Marking stable (825119886, 0)->(1050880103, -225760217)
Mar  6 11:46:50 controlNode kernel: [    0.830669] registered taskstats version 1
Mar  6 11:46:50 controlNode kernel: [    0.830675] Loading compiled-in X.509 certificates
Mar  6 11:46:50 controlNode kernel: [    0.833597] Loaded X.509 cert 'Build time autogenerated kernel key: 93c6e076713d738d171f44766725faeef9510f02'
Mar  6 11:46:50 controlNode kernel: [    0.833612] zswap: loaded using pool lzo/zbud
Mar  6 11:46:50 controlNode kernel: [    0.840745] Key type big_key registered
Mar  6 11:46:50 controlNode kernel: [    0.840747] Key type trusted registered
Mar  6 11:46:50 controlNode kernel: [    0.843435] Key type encrypted registered
Mar  6 11:46:50 controlNode kernel: [    0.843437] AppArmor: AppArmor sha1 policy hashing enabled
Mar  6 11:46:50 controlNode kernel: [    0.843441] ima: No TPM chip found, activating TPM-bypass! (rc=-19)
Mar  6 11:46:50 controlNode kernel: [    0.843445] ima: Allocated hash algorithm: sha1
Mar  6 11:46:50 controlNode kernel: [    0.843453] evm: Initialising EVM extended attributes:
Mar  6 11:46:50 controlNode kernel: [    0.843453] evm: security.selinux
Mar  6 11:46:50 controlNode kernel: [    0.843454] evm: security.SMACK64
Mar  6 11:46:50 controlNode kernel: [    0.843454] evm: security.SMACK64EXEC
Mar  6 11:46:50 controlNode kernel: [    0.843454] evm: security.SMACK64TRANSMUTE
Mar  6 11:46:50 controlNode kernel: [    0.843455] evm: security.SMACK64MMAP
Mar  6 11:46:50 controlNode kernel: [    0.843455] evm: security.apparmor
Mar  6 11:46:50 controlNode kernel: [    0.843455] evm: security.ima
Mar  6 11:46:50 controlNode kernel: [    0.843456] evm: security.capability
Mar  6 11:46:50 controlNode kernel: [    0.843456] evm: HMAC attrs: 0x1
Mar  6 11:46:50 controlNode kernel: [    0.843599]   Magic number: 0:981:764
Mar  6 11:46:50 controlNode kernel: [    0.843616] event_source breakpoint: hash matches
Mar  6 11:46:50 controlNode kernel: [    0.844883] rtc_cmos rtc_cmos: setting system clock to 2024-03-06 03:46:41 UTC (1709696801)
Mar  6 11:46:50 controlNode kernel: [    0.913517] ata2.00: ATAPI: VBOX CD-ROM, 1.0, max UDMA/133
Mar  6 11:46:50 controlNode kernel: [    0.915824] scsi 1:0:0:0: CD-ROM            VBOX     CD-ROM           1.0  PQ: 0 ANSI: 5
Mar  6 11:46:50 controlNode kernel: [    0.996561] sr 1:0:0:0: [sr0] scsi3-mmc drive: 32x/32x xa/form2 tray
Mar  6 11:46:50 controlNode kernel: [    0.996562] cdrom: Uniform CD-ROM driver Revision: 3.20
Mar  6 11:46:50 controlNode kernel: [    0.996919] sr 1:0:0:0: Attached scsi CD-ROM sr0
Mar  6 11:46:50 controlNode kernel: [    0.997332] sr 1:0:0:0: Attached scsi generic sg0 type 5
Mar  6 11:46:50 controlNode kernel: [    0.999478] Freeing unused kernel image memory: 2464K
Mar  6 11:46:50 controlNode kernel: [    1.023971] Write protecting the kernel read-only data: 20480k
Mar  6 11:46:50 controlNode kernel: [    1.025619] Freeing unused kernel image memory: 2008K
Mar  6 11:46:50 controlNode kernel: [    1.025995] Freeing unused kernel image memory: 1784K
Mar  6 11:46:50 controlNode kernel: [    1.030492] x86/mm: Checked W+X mappings: passed, no W+X pages found.
Mar  6 11:46:50 controlNode kernel: [    1.075057] ACPI: Video Device [GFX0] (multi-head: yes  rom: no  post: no)
Mar  6 11:46:50 controlNode kernel: [    1.075104] input: Video Bus as /devices/LNXSYSTM:00/LNXSYBUS:00/PNP0A03:00/LNXVIDEO:00/input/input4
Mar  6 11:46:50 controlNode kernel: [    1.087853] e1000: Intel(R) PRO/1000 Network Driver - version 7.3.21-k8-NAPI
Mar  6 11:46:50 controlNode kernel: [    1.087854] e1000: Copyright (c) 1999-2006 Intel Corporation.
Mar  6 11:46:50 controlNode kernel: [    1.092200] piix4_smbus 0000:00:07.0: SMBus Host Controller at 0x4100, revision 0
Mar  6 11:46:50 controlNode kernel: [    1.105939] ahci 0000:00:0d.0: version 3.0
Mar  6 11:46:50 controlNode kernel: [    1.107198] ahci 0000:00:0d.0: SSS flag set, parallel bus scan disabled
Mar  6 11:46:50 controlNode kernel: [    1.108175] ahci 0000:00:0d.0: AHCI 0001.0100 32 slots 1 ports 3 Gbps 0x1 impl SATA mode
Mar  6 11:46:50 controlNode kernel: [    1.108176] ahci 0000:00:0d.0: flags: 64bit ncq stag only ccc 
Mar  6 11:46:50 controlNode kernel: [    1.109178] scsi host2: ahci
Mar  6 11:46:50 controlNode kernel: [    1.109238] ata3: SATA max UDMA/133 abar m8192@0xf0806000 port 0xf0806100 irq 21
Mar  6 11:46:50 controlNode kernel: [    1.115691] [drm] DMA map mode: Using physical TTM page addresses.
Mar  6 11:46:50 controlNode kernel: [    1.115830] [drm] Capabilities:
Mar  6 11:46:50 controlNode kernel: [    1.115830] [drm]   Rect copy.
Mar  6 11:46:50 controlNode kernel: [    1.115830] [drm]   Cursor.
Mar  6 11:46:50 controlNode kernel: [    1.115831] [drm]   Cursor bypass.
Mar  6 11:46:50 controlNode kernel: [    1.115831] [drm]   Cursor bypass 2.
Mar  6 11:46:50 controlNode kernel: [    1.115831] [drm]   Alpha cursor.
Mar  6 11:46:50 controlNode kernel: [    1.115832] [drm]   Extended Fifo.
Mar  6 11:46:50 controlNode kernel: [    1.115832] [drm]   Pitchlock.
Mar  6 11:46:50 controlNode kernel: [    1.115832] [drm]   Irq mask.
Mar  6 11:46:50 controlNode kernel: [    1.115832] [drm]   GMR.
Mar  6 11:46:50 controlNode kernel: [    1.115833] [drm]   Traces.
Mar  6 11:46:50 controlNode kernel: [    1.115833] [drm]   GMR2.
Mar  6 11:46:50 controlNode kernel: [    1.115833] [drm]   Screen Object 2.
Mar  6 11:46:50 controlNode kernel: [    1.115834] [drm]   Command Buffers.
Mar  6 11:46:50 controlNode kernel: [    1.115834] [drm] Max GMR ids is 8192
Mar  6 11:46:50 controlNode kernel: [    1.115835] [drm] Max number of GMR pages is 1048576
Mar  6 11:46:50 controlNode kernel: [    1.115835] [drm] Max dedicated hypervisor surface memory is 507904 kiB
Mar  6 11:46:50 controlNode kernel: [    1.115835] [drm] Maximum display memory size is 16384 kiB
Mar  6 11:46:50 controlNode kernel: [    1.115836] [drm] VRAM at 0xe0000000 size is 16384 kiB
Mar  6 11:46:50 controlNode kernel: [    1.115836] [drm] MMIO at 0xf0000000 size is 2048 kiB
Mar  6 11:46:50 controlNode kernel: [    1.115837] [drm] global init.
Mar  6 11:46:50 controlNode kernel: [    1.117456] [TTM] Zone  kernel: Available graphics memory: 3238980 kiB
Mar  6 11:46:50 controlNode kernel: [    1.117457] [TTM] Zone   dma32: Available graphics memory: 2097152 kiB
Mar  6 11:46:50 controlNode kernel: [    1.117458] [TTM] Initializing pool allocator
Mar  6 11:46:50 controlNode kernel: [    1.117460] [TTM] Initializing DMA pool allocator
Mar  6 11:46:50 controlNode kernel: [    1.118296] [drm] Supports vblank timestamp caching Rev 2 (21.10.2013).
Mar  6 11:46:50 controlNode kernel: [    1.118297] [drm] No driver support for vblank timestamp query.
Mar  6 11:46:50 controlNode kernel: [    1.118647] [drm] Screen Objects Display Unit initialized
Mar  6 11:46:50 controlNode kernel: [    1.118689] [drm] width 720
Mar  6 11:46:50 controlNode kernel: [    1.118706] [drm] height 400
Mar  6 11:46:50 controlNode kernel: [    1.118722] [drm] bpp 32
Mar  6 11:46:50 controlNode kernel: [    1.118899] [drm] Fifo max 0x00200000 min 0x00001000 cap 0x00000355
Mar  6 11:46:50 controlNode kernel: [    1.119030] [drm] Using command buffers with DMA pool.
Mar  6 11:46:50 controlNode kernel: [    1.119035] [drm] DX: no.
Mar  6 11:46:50 controlNode kernel: [    1.119035] [drm] Atomic: yes
Mar  6 11:46:50 controlNode kernel: [    1.119055] [drm:vmw_host_log [vmwgfx]] *ERROR* Failed to send log
Mar  6 11:46:50 controlNode kernel: [    1.120824] [drm:vmw_host_log [vmwgfx]] *ERROR* Failed to send log
Mar  6 11:46:50 controlNode kernel: [    1.146101] fbcon: svgadrmfb (fb0) is primary device
Mar  6 11:46:50 controlNode kernel: [    1.175707] Console: switching to colour frame buffer device 100x37
Mar  6 11:46:50 controlNode kernel: [    1.180718] [drm] Initialized vmwgfx 2.14.1 20180322 for 0000:00:02.0 on minor 0
Mar  6 11:46:50 controlNode kernel: [    1.256184] usb 2-1: new full-speed USB device number 2 using ohci-pci
Mar  6 11:46:50 controlNode kernel: [    1.323462] input: ImExPS/2 Generic Explorer Mouse as /devices/platform/i8042/serio1/input/input5
Mar  6 11:46:50 controlNode kernel: [    1.426760] ata3: SATA link up 3.0 Gbps (SStatus 123 SControl 300)
Mar  6 11:46:50 controlNode kernel: [    1.427103] ata3.00: ATA-6: VBOX HARDDISK, 1.0, max UDMA/133
Mar  6 11:46:50 controlNode kernel: [    1.427105] ata3.00: 189756032 sectors, multi 128: LBA48 NCQ (depth 32)
Mar  6 11:46:50 controlNode kernel: [    1.427819] ata3.00: configured for UDMA/133
Mar  6 11:46:50 controlNode kernel: [    1.428185] scsi 2:0:0:0: Direct-Access     ATA      VBOX HARDDISK    1.0  PQ: 0 ANSI: 5
Mar  6 11:46:50 controlNode kernel: [    1.428726] sd 2:0:0:0: [sda] 189756032 512-byte logical blocks: (97.2 GB/90.5 GiB)
Mar  6 11:46:50 controlNode kernel: [    1.428729] sd 2:0:0:0: [sda] Write Protect is off
Mar  6 11:46:50 controlNode kernel: [    1.428730] sd 2:0:0:0: [sda] Mode Sense: 00 3a 00 00
Mar  6 11:46:50 controlNode kernel: [    1.428735] sd 2:0:0:0: [sda] Write cache: enabled, read cache: enabled, doesn't support DPO or FUA
Mar  6 11:46:50 controlNode kernel: [    1.429024] sd 2:0:0:0: Attached scsi generic sg1 type 0
Mar  6 11:46:50 controlNode kernel: [    1.440633]  sda: sda1
Mar  6 11:46:50 controlNode kernel: [    1.441046] sd 2:0:0:0: [sda] Attached SCSI disk
Mar  6 11:46:50 controlNode kernel: [    1.570769] usb 2-1: New USB device found, idVendor=80ee, idProduct=0021, bcdDevice= 1.00
Mar  6 11:46:50 controlNode kernel: [    1.570770] usb 2-1: New USB device strings: Mfr=1, Product=3, SerialNumber=0
Mar  6 11:46:50 controlNode kernel: [    1.570771] usb 2-1: Product: USB Tablet
Mar  6 11:46:50 controlNode kernel: [    1.570772] usb 2-1: Manufacturer: VirtualBox
Mar  6 11:46:50 controlNode kernel: [    1.577756] hidraw: raw HID events driver (C) Jiri Kosina
Mar  6 11:46:50 controlNode kernel: [    1.591531] usbcore: registered new interface driver usbhid
Mar  6 11:46:50 controlNode kernel: [    1.591531] usbhid: USB HID core driver
Mar  6 11:46:50 controlNode kernel: [    1.598561] input: VirtualBox USB Tablet as /devices/pci0000:00/0000:00:06.0/usb2/2-1/2-1:1.0/0003:80EE:0021.0001/input/input6
Mar  6 11:46:50 controlNode kernel: [    1.599114] hid-generic 0003:80EE:0021.0001: input,hidraw0: USB HID v1.10 Mouse [VirtualBox USB Tablet] on usb-0000:00:06.0-1/input0
Mar  6 11:46:50 controlNode kernel: [    1.610954] e1000 0000:00:03.0 eth0: (PCI:33MHz:32-bit) 08:00:27:ab:45:a0
Mar  6 11:46:50 controlNode kernel: [    1.610957] e1000 0000:00:03.0 eth0: Intel(R) PRO/1000 Network Connection
Mar  6 11:46:50 controlNode kernel: [    1.612566] e1000 0000:00:03.0 enp0s3: renamed from eth0
Mar  6 11:46:50 controlNode kernel: [    1.742776] EXT4-fs (sda1): mounted filesystem with ordered data mode. Opts: (null)
Mar  6 11:46:50 controlNode kernel: [    1.822794] random: fast init done
Mar  6 11:46:50 controlNode kernel: [    2.638375] random: systemd: uninitialized urandom read (16 bytes read)
Mar  6 11:46:50 controlNode kernel: [    2.653440] systemd[1]: systemd 237 running in system mode. (+PAM +AUDIT +SELINUX +IMA +APPARMOR +SMACK +SYSVINIT +UTMP +LIBCRYPTSETUP +GCRYPT +GNUTLS +ACL +XZ +LZ4 +SECCOMP +BLKID +ELFUTILS +KMOD -IDN2 +IDN -PCRE2 default-hierarchy=hybrid)
Mar  6 11:46:50 controlNode kernel: [    2.653455] systemd[1]: Detected virtualization oracle.
Mar  6 11:46:50 controlNode kernel: [    2.668111] systemd[1]: Detected architecture x86-64.
Mar  6 11:46:50 controlNode kernel: [    2.668150] random: systemd: uninitialized urandom read (16 bytes read)
Mar  6 11:46:50 controlNode kernel: [    2.668155] random: systemd: uninitialized urandom read (16 bytes read)
Mar  6 11:46:50 controlNode kernel: [    2.746976] systemd[1]: Set hostname to <controlNode>.
Mar  6 11:46:50 controlNode kernel: [    2.785672] systemd[1]: Initializing machine ID from random generator.
Mar  6 11:46:50 controlNode kernel: [    2.785701] systemd[1]: Installed transient /etc/machine-id file.
Mar  6 11:46:50 controlNode kernel: [    3.864003] systemd[1]: Reached target Remote File Systems.
Mar  6 11:46:50 controlNode kernel: [    3.864136] systemd[1]: Created slice System Slice.
Mar  6 11:46:50 controlNode kernel: [    3.864176] systemd[1]: Listening on Journal Socket (/dev/log).
Mar  6 11:46:50 controlNode kernel: [    3.864192] systemd[1]: Listening on udev Kernel Socket.
Mar  6 11:46:50 controlNode kernel: [    4.037400] random: crng init done
Mar  6 11:46:50 controlNode kernel: [    4.037401] random: 7 urandom warning(s) missed due to ratelimiting
Mar  6 11:46:50 controlNode kernel: [    4.180481] lp: driver loaded but no devices found
Mar  6 11:46:50 controlNode kernel: [    4.195647] ppdev: user-space parallel port driver
Mar  6 11:46:50 controlNode kernel: [    4.339174] EXT4-fs (sda1): re-mounted. Opts: errors=remount-ro
Mar  6 11:46:50 controlNode kernel: [    4.541533] Adding 2097148k swap on /swapfile.  Priority:-2 extents:6 across:2260988k FS
Mar  6 11:46:50 controlNode kernel: [    4.547948] systemd-journald[261]: Received request to flush runtime journal from PID 1
Mar  6 11:46:50 controlNode kernel: [    5.683332] cryptd: max_cpu_qlen set to 1000
Mar  6 11:46:50 controlNode kernel: [    5.834289] SSE version of gcm_enc/dec engaged.
Mar  6 11:46:50 controlNode kernel: [    5.839450] vgdrvHeartbeatInit: Setting up heartbeat to trigger every 2000 milliseconds
Mar  6 11:46:50 controlNode kernel: [    5.839528] input: Unspecified device as /devices/pci0000:00/0000:00:04.0/input/input7
Mar  6 11:46:50 controlNode kernel: [    5.840462] vboxguest: misc device minor 55, IRQ 20, I/O port d040, MMIO at 00000000f0400000 (size 0x400000)
Mar  6 11:46:50 controlNode kernel: [    5.840463] vboxguest: Successfully loaded version 5.2.18_KernelUbuntu (interface 0x00010004)
Mar  6 11:46:50 controlNode kernel: [    6.691848] snd_intel8x0 0000:00:05.0: white list rate for 1028:0177 is 48000
Mar  6 11:46:50 controlNode kernel: [    7.153026] audit: type=1400 audit(1709696807.808:2): apparmor="STATUS" operation="profile_load" profile="unconfined" name="/usr/bin/man" pid=475 comm="apparmor_parser"
Mar  6 11:46:50 controlNode kernel: [    7.153028] audit: type=1400 audit(1709696807.808:3): apparmor="STATUS" operation="profile_load" profile="unconfined" name="man_filter" pid=475 comm="apparmor_parser"
Mar  6 11:46:50 controlNode kernel: [    7.153029] audit: type=1400 audit(1709696807.808:4): apparmor="STATUS" operation="profile_load" profile="unconfined" name="man_groff" pid=475 comm="apparmor_parser"
Mar  6 11:46:50 controlNode kernel: [    7.464290] audit: type=1400 audit(1709696808.116:5): apparmor="STATUS" operation="profile_load" profile="unconfined" name="libreoffice-oopslash" pid=476 comm="apparmor_parser"
Mar  6 11:46:50 controlNode kernel: [    7.470013] audit: type=1400 audit(1709696808.124:6): apparmor="STATUS" operation="profile_load" profile="unconfined" name="/sbin/dhclient" pid=472 comm="apparmor_parser"
Mar  6 11:46:50 controlNode kernel: [    7.470015] audit: type=1400 audit(1709696808.124:7): apparmor="STATUS" operation="profile_load" profile="unconfined" name="/usr/lib/NetworkManager/nm-dhcp-client.action" pid=472 comm="apparmor_parser"
Mar  6 11:46:50 controlNode kernel: [    7.470017] audit: type=1400 audit(1709696808.124:8): apparmor="STATUS" operation="profile_load" profile="unconfined" name="/usr/lib/NetworkManager/nm-dhcp-helper" pid=472 comm="apparmor_parser"
Mar  6 11:46:50 controlNode kernel: [    7.470018] audit: type=1400 audit(1709696808.124:9): apparmor="STATUS" operation="profile_load" profile="unconfined" name="/usr/lib/connman/scripts/dhclient-script" pid=472 comm="apparmor_parser"
Mar  6 11:46:50 controlNode kernel: [    7.496354] audit: type=1400 audit(1709696808.148:10): apparmor="STATUS" operation="profile_load" profile="unconfined" name="/usr/bin/evince" pid=473 comm="apparmor_parser"
Mar  6 11:46:50 controlNode kernel: [    7.496357] audit: type=1400 audit(1709696808.148:11): apparmor="STATUS" operation="profile_load" profile="unconfined" name="/usr/bin/evince//sanitized_helper" pid=473 comm="apparmor_parser"
Mar  6 11:46:50 controlNode systemd[1]: Started WPA supplicant.
Mar  6 11:46:50 controlNode wpa_supplicant[571]: Successfully initialized wpa_supplicant
Mar  6 11:46:50 controlNode avahi-daemon[559]: Server startup complete. Host name is controlNode.local. Local service cookie is 2153019366.
Mar  6 11:46:51 controlNode systemd[1]: Started Thermal Daemon Service.
Mar  6 11:46:51 controlNode thermald[569]: NO RAPL sysfs present
Mar  6 11:46:51 controlNode thermald[569]: 22 CPUID levels; family:model:stepping 0x6:97:2 (6:151:2)
Mar  6 11:46:51 controlNode thermald[569]:  Need Linux PowerCap sysfs
Mar  6 11:46:51 controlNode thermald[569]: Unsupported cpu model, use thermal-conf.xml file or run with --ignore-cpuid-check
Mar  6 11:46:51 controlNode thermald[569]: THD engine start failed
Mar  6 11:46:51 controlNode snapd[577]: AppArmor status: apparmor is enabled and all features are available
Mar  6 11:46:51 controlNode dbus-daemon[533]: [system] Activating via systemd: service name='org.freedesktop.PolicyKit1' unit='polkit.service' requested by ':1.10' (uid=0 pid=574 comm="/usr/sbin/ModemManager " label="unconfined")
Mar  6 11:46:51 controlNode systemd[1]: Starting Authorization Manager...
Mar  6 11:46:52 controlNode polkitd[650]: started daemon version 0.105 using authority implementation `local' version `0.105'
Mar  6 11:46:52 controlNode dbus-daemon[533]: [system] Successfully activated service 'org.freedesktop.PolicyKit1'
Mar  6 11:46:52 controlNode systemd[1]: Started Authorization Manager.
Mar  6 11:46:52 controlNode accounts-daemon[567]: started daemon version 0.6.45
Mar  6 11:46:52 controlNode systemd[1]: Started Accounts Service.
Mar  6 11:46:52 controlNode udisksd[570]: failed to load module mdraid: libbd_mdraid.so.2: cannot open shared object file: No such file or directory
Mar  6 11:46:52 controlNode NetworkManager[565]: <info>  [1709696812.3379] NetworkManager (version 1.10.6) is starting... (for the first time)
Mar  6 11:46:52 controlNode NetworkManager[565]: <info>  [1709696812.3383] Read config: /etc/NetworkManager/NetworkManager.conf (lib: 10-dns-resolved.conf, 20-connectivity-ubuntu.conf, no-mac-addr-change.conf) (run: 10-globally-managed-devices.conf) (etc: default-wifi-powersave-on.conf)
Mar  6 11:46:52 controlNode udisksd[570]: Failed to load the 'mdraid' libblockdev plugin
Mar  6 11:46:52 controlNode NetworkManager[565]: <info>  [1709696812.3921] manager[0x55df59514060]: monitoring kernel firmware directory '/lib/firmware'.
Mar  6 11:46:52 controlNode NetworkManager[565]: <info>  [1709696812.3921] monitoring ifupdown state file '/run/network/ifstate'.
Mar  6 11:46:52 controlNode dbus-daemon[533]: [system] Activating via systemd: service name='org.freedesktop.hostname1' unit='dbus-org.freedesktop.hostname1.service' requested by ':1.13' (uid=0 pid=565 comm="/usr/sbin/NetworkManager --no-daemon " label="unconfined")
Mar  6 11:46:52 controlNode systemd[1]: Starting Hostname Service...
Mar  6 11:46:52 controlNode grub-common[561]:    ...done.
Mar  6 11:46:52 controlNode systemd[1]: Started LSB: Record successful boot for GRUB.
Mar  6 11:46:52 controlNode dbus-daemon[533]: [system] Successfully activated service 'org.freedesktop.hostname1'
Mar  6 11:46:52 controlNode systemd[1]: Started Hostname Service.
Mar  6 11:46:52 controlNode NetworkManager[565]: <info>  [1709696812.6211] hostname: hostname: using hostnamed
Mar  6 11:46:52 controlNode NetworkManager[565]: <info>  [1709696812.6212] hostname: hostname changed from (none) to "controlNode"
Mar  6 11:46:52 controlNode NetworkManager[565]: <info>  [1709696812.6214] dns-mgr[0x55df59532160]: init: dns=systemd-resolved, rc-manager=symlink, plugin=systemd-resolved
Mar  6 11:46:52 controlNode NetworkManager[565]: <info>  [1709696812.6225] manager[0x55df59514060]: rfkill: WiFi hardware radio set enabled
Mar  6 11:46:52 controlNode NetworkManager[565]: <info>  [1709696812.6225] manager[0x55df59514060]: rfkill: WWAN hardware radio set enabled
Mar  6 11:46:52 controlNode udisksd[570]: Acquired the name org.freedesktop.UDisks2 on the system message bus
Mar  6 11:46:52 controlNode systemd[1]: Started Disk Manager.
Mar  6 11:46:52 controlNode systemd[1]: Started Network Manager.
Mar  6 11:46:52 controlNode systemd[1]: Reached target Network.
Mar  6 11:46:52 controlNode systemd[1]: Starting Permit User Sessions...
Mar  6 11:46:52 controlNode systemd[1]: Started Unattended Upgrades Shutdown.
Mar  6 11:46:52 controlNode systemd[1]: Starting Network Manager Wait Online...
Mar  6 11:46:52 controlNode dbus-daemon[533]: [system] Activating via systemd: service name='org.freedesktop.nm_dispatcher' unit='dbus-org.freedesktop.nm-dispatcher.service' requested by ':1.13' (uid=0 pid=565 comm="/usr/sbin/NetworkManager --no-daemon " label="unconfined")
Mar  6 11:46:52 controlNode systemd[1]: Starting Network Manager Script Dispatcher Service...
Mar  6 11:46:52 controlNode snapd[577]: helpers.go:145: error trying to compare the snap system key: system-key missing on disk
Mar  6 11:46:52 controlNode snapd[577]: daemon.go:379: started snapd/2.37.1.1+18.04 (series 16; classic) ubuntu/18.04 (amd64) linux/4.18.0-15-generic.
Mar  6 11:46:52 controlNode systemd[1]: Started Permit User Sessions.
Mar  6 11:46:52 controlNode systemd[1]: Starting GNOME Display Manager...
Mar  6 11:46:52 controlNode systemd[1]: Starting Hold until boot process finishes up...
Mar  6 11:46:52 controlNode systemd[1]: Started Modem Manager.
Mar  6 11:46:53 controlNode dbus-daemon[533]: [system] Successfully activated service 'org.freedesktop.nm_dispatcher'
Mar  6 11:46:53 controlNode systemd[1]: Started Network Manager Script Dispatcher Service.
Mar  6 11:46:53 controlNode NetworkManager[565]: <info>  [1709696813.1903] init!
Mar  6 11:46:53 controlNode NetworkManager[565]: <info>  [1709696813.1913]       interface-parser: parsing file /etc/network/interfaces
Mar  6 11:46:53 controlNode NetworkManager[565]: <info>  [1709696813.1914]       interface-parser: finished parsing file /etc/network/interfaces
Mar  6 11:46:53 controlNode NetworkManager[565]: <info>  [1709696813.1914] management mode: unmanaged
Mar  6 11:46:53 controlNode NetworkManager[565]: <info>  [1709696813.1924] devices added (path: /sys/devices/pci0000:00/0000:00:03.0/net/enp0s3, iface: enp0s3)
Mar  6 11:46:53 controlNode NetworkManager[565]: <info>  [1709696813.1924] device added (path: /sys/devices/pci0000:00/0000:00:03.0/net/enp0s3, iface: enp0s3): no ifupdown configuration found.
Mar  6 11:46:53 controlNode NetworkManager[565]: <info>  [1709696813.1924] devices added (path: /sys/devices/virtual/net/lo, iface: lo)
Mar  6 11:46:53 controlNode NetworkManager[565]: <info>  [1709696813.1924] device added (path: /sys/devices/virtual/net/lo, iface: lo): no ifupdown configuration found.
Mar  6 11:46:53 controlNode NetworkManager[565]: <info>  [1709696813.1925] end _init.
Mar  6 11:46:53 controlNode NetworkManager[565]: <info>  [1709696813.1925] settings: loaded plugin ifupdown: (C) 2008 Canonical Ltd.  To report bugs please use the NetworkManager mailing list. (/usr/lib/x86_64-linux-gnu/NetworkManager/libnm-settings-plugin-ifupdown.so)
Mar  6 11:46:53 controlNode NetworkManager[565]: <info>  [1709696813.1926] settings: loaded plugin keyfile: (c) 2007 - 2016 Red Hat, Inc.  To report bugs please use the NetworkManager mailing list.
Mar  6 11:46:53 controlNode NetworkManager[565]: <info>  [1709696813.1929] (1498742912) ... get_connections.
Mar  6 11:46:53 controlNode NetworkManager[565]: <info>  [1709696813.1929] (1498742912) ... get_connections (managed=false): return empty list.
Mar  6 11:46:53 controlNode NetworkManager[565]: <info>  [1709696813.2069] get unmanaged devices count: 0
Mar  6 11:46:53 controlNode NetworkManager[565]: <info>  [1709696813.2070] manager: rfkill: WiFi enabled by radio killswitch; enabled by state file
Mar  6 11:46:53 controlNode NetworkManager[565]: <info>  [1709696813.2070] manager: rfkill: WWAN enabled by radio killswitch; enabled by state file
Mar  6 11:46:53 controlNode NetworkManager[565]: <info>  [1709696813.2070] manager: Networking is enabled by state file
Mar  6 11:46:53 controlNode NetworkManager[565]: <info>  [1709696813.2074] dhcp-init: Using DHCP client 'dhclient'
Mar  6 11:46:53 controlNode nm-dispatcher: req:1 'hostname': new request (1 scripts)
Mar  6 11:46:53 controlNode nm-dispatcher: req:1 'hostname': start running ordered scripts...
Mar  6 11:46:53 controlNode NetworkManager[565]: <info>  [1709696813.2215] Loaded device plugin: NMBondDeviceFactory (internal)
Mar  6 11:46:53 controlNode NetworkManager[565]: <info>  [1709696813.2216] Loaded device plugin: NMBridgeDeviceFactory (internal)
Mar  6 11:46:53 controlNode NetworkManager[565]: <info>  [1709696813.2216] Loaded device plugin: NMDummyDeviceFactory (internal)
Mar  6 11:46:53 controlNode NetworkManager[565]: <info>  [1709696813.2216] Loaded device plugin: NMEthernetDeviceFactory (internal)
Mar  6 11:46:53 controlNode NetworkManager[565]: <info>  [1709696813.2216] Loaded device plugin: NMInfinibandDeviceFactory (internal)
Mar  6 11:46:53 controlNode NetworkManager[565]: <info>  [1709696813.2216] Loaded device plugin: NMIPTunnelDeviceFactory (internal)
Mar  6 11:46:53 controlNode NetworkManager[565]: <info>  [1709696813.2216] Loaded device plugin: NMMacsecDeviceFactory (internal)
Mar  6 11:46:53 controlNode NetworkManager[565]: <info>  [1709696813.2216] Loaded device plugin: NMMacvlanDeviceFactory (internal)
Mar  6 11:46:53 controlNode NetworkManager[565]: <info>  [1709696813.2216] Loaded device plugin: NMPppDeviceFactory (internal)
Mar  6 11:46:53 controlNode NetworkManager[565]: <info>  [1709696813.2216] Loaded device plugin: NMTunDeviceFactory (internal)
Mar  6 11:46:53 controlNode NetworkManager[565]: <info>  [1709696813.2216] Loaded device plugin: NMVethDeviceFactory (internal)
Mar  6 11:46:53 controlNode NetworkManager[565]: <info>  [1709696813.2216] Loaded device plugin: NMVlanDeviceFactory (internal)
Mar  6 11:46:53 controlNode NetworkManager[565]: <info>  [1709696813.2216] Loaded device plugin: NMVxlanDeviceFactory (internal)
Mar  6 11:46:53 controlNode NetworkManager[565]: <info>  [1709696813.2492] Loaded device plugin: NMTeamFactory (/usr/lib/x86_64-linux-gnu/NetworkManager/libnm-device-plugin-team.so)
Mar  6 11:46:53 controlNode NetworkManager[565]: <info>  [1709696813.2760] Loaded device plugin: NMWwanFactory (/usr/lib/x86_64-linux-gnu/NetworkManager/libnm-device-plugin-wwan.so)
Mar  6 11:46:53 controlNode NetworkManager[565]: <info>  [1709696813.3054] Loaded device plugin: NMWifiFactory (/usr/lib/x86_64-linux-gnu/NetworkManager/libnm-device-plugin-wifi.so)
Mar  6 11:46:53 controlNode NetworkManager[565]: <info>  [1709696813.3188] Loaded device plugin: NMBluezManager (/usr/lib/x86_64-linux-gnu/NetworkManager/libnm-device-plugin-bluetooth.so)
Mar  6 11:46:53 controlNode NetworkManager[565]: <info>  [1709696813.3298] Loaded device plugin: NMAtmManager (/usr/lib/x86_64-linux-gnu/NetworkManager/libnm-device-plugin-adsl.so)
Mar  6 11:46:53 controlNode NetworkManager[565]: <info>  [1709696813.3310] device (lo): carrier: link connected
Mar  6 11:46:53 controlNode NetworkManager[565]: <info>  [1709696813.3314] manager: (lo): new Generic device (/org/freedesktop/NetworkManager/Devices/1)
Mar  6 11:46:53 controlNode NetworkManager[565]: <info>  [1709696813.3330] manager: (enp0s3): new Ethernet device (/org/freedesktop/NetworkManager/Devices/2)
Mar  6 11:46:53 controlNode NetworkManager[565]: <info>  [1709696813.3338] keyfile: add connection in-memory (83edd88d-b06a-3273-a2bc-1b9de1344854,"Wired connection 1")
Mar  6 11:46:53 controlNode NetworkManager[565]: <info>  [1709696813.3341] settings: (enp0s3): created default wired connection 'Wired connection 1'
Mar  6 11:46:53 controlNode NetworkManager[565]: <info>  [1709696813.3349] device (enp0s3): state change: unmanaged -> unavailable (reason 'managed', sys-iface-state: 'external')
Mar  6 11:46:53 controlNode kernel: [   12.679052] IPv6: ADDRCONF(NETDEV_UP): enp0s3: link is not ready
Mar  6 11:46:53 controlNode kernel: [   12.691345] IPv6: ADDRCONF(NETDEV_UP): enp0s3: link is not ready
Mar  6 11:46:53 controlNode kernel: [   12.692367] e1000: enp0s3 NIC Link is Up 1000 Mbps Full Duplex, Flow Control: RX
Mar  6 11:46:53 controlNode kernel: [   12.694157] IPv6: ADDRCONF(NETDEV_CHANGE): enp0s3: link becomes ready
Mar  6 11:46:53 controlNode NetworkManager[565]: <info>  [1709696813.3778] device (enp0s3): carrier: link connected
Mar  6 11:46:53 controlNode NetworkManager[565]: <info>  [1709696813.3809] modem-manager: ModemManager available
Mar  6 11:46:53 controlNode NetworkManager[565]: <info>  [1709696813.3811] device (enp0s3): state change: unavailable -> disconnected (reason 'carrier-changed', sys-iface-state: 'managed')
Mar  6 11:46:53 controlNode NetworkManager[565]: <info>  [1709696813.3920] policy: auto-activating connection 'Wired connection 1'
Mar  6 11:46:53 controlNode NetworkManager[565]: <info>  [1709696813.3940] device (enp0s3): Activation: starting connection 'Wired connection 1' (83edd88d-b06a-3273-a2bc-1b9de1344854)
Mar  6 11:46:53 controlNode systemd[1]: Started Snappy daemon.
Mar  6 11:46:53 controlNode NetworkManager[565]: <info>  [1709696813.3944] device (enp0s3): state change: disconnected -> prepare (reason 'none', sys-iface-state: 'managed')
Mar  6 11:46:53 controlNode NetworkManager[565]: <info>  [1709696813.3945] manager: NetworkManager state is now CONNECTING
Mar  6 11:46:53 controlNode NetworkManager[565]: <info>  [1709696813.3949] device (enp0s3): state change: prepare -> config (reason 'none', sys-iface-state: 'managed')
Mar  6 11:46:53 controlNode systemd[1]: Starting Wait until snapd is fully seeded...
Mar  6 11:46:53 controlNode NetworkManager[565]: <info>  [1709696813.4020] device (enp0s3): state change: config -> ip-config (reason 'none', sys-iface-state: 'managed')
Mar  6 11:46:53 controlNode NetworkManager[565]: <info>  [1709696813.4212] dhcp4 (enp0s3): activation: beginning transaction (timeout in 45 seconds)
Mar  6 11:46:53 controlNode networkd-dispatcher[568]: WARNING: systemd-networkd is not running, output will be incomplete.
Mar  6 11:46:53 controlNode systemd[1]: Started Dispatcher daemon for systemd-networkd.
Mar  6 11:46:53 controlNode NetworkManager[565]: <info>  [1709696813.6637] dhcp4 (enp0s3): dhclient started with pid 699
Mar  6 11:46:53 controlNode avahi-daemon[559]: Joining mDNS multicast group on interface enp0s3.IPv6 with address fe80::e798:f79:92:dbbe.
Mar  6 11:46:53 controlNode avahi-daemon[559]: New relevant interface enp0s3.IPv6 for mDNS.
Mar  6 11:46:53 controlNode avahi-daemon[559]: Registering new address record for fe80::e798:f79:92:dbbe on enp0s3.*.
Mar  6 11:46:53 controlNode snapd[577]: stateengine.go:102: state ensure error: Get https://api.snapcraft.io/api/v1/snaps/sections: dial tcp: lookup api.snapcraft.io: no such host
Mar  6 11:46:53 controlNode systemd[1]: Started GNOME Display Manager.
Mar  6 11:46:54 controlNode dhclient[699]: DHCPDISCOVER on enp0s3 to 255.255.255.255 port 67 interval 3 (xid=0xd3b17b01)
Mar  6 11:46:54 controlNode dhclient[699]: DHCPREQUEST of 10.0.2.15 on enp0s3 to 255.255.255.255 port 67 (xid=0x17bb1d3)
Mar  6 11:46:54 controlNode dhclient[699]: DHCPOFFER of 10.0.2.15 from 10.0.2.2
Mar  6 11:46:54 controlNode dhclient[699]: DHCPACK of 10.0.2.15 from 10.0.2.2
Mar  6 11:46:54 controlNode NetworkManager[565]: <info>  [1709696814.7152] dhcp4 (enp0s3):   address 10.0.2.15
Mar  6 11:46:54 controlNode NetworkManager[565]: <info>  [1709696814.7156] dhcp4 (enp0s3):   plen 24 (255.255.255.0)
Mar  6 11:46:54 controlNode NetworkManager[565]: <info>  [1709696814.7156] dhcp4 (enp0s3):   gateway 10.0.2.2
Mar  6 11:46:54 controlNode NetworkManager[565]: <info>  [1709696814.7157] dhcp4 (enp0s3):   lease time 86400
Mar  6 11:46:54 controlNode NetworkManager[565]: <info>  [1709696814.7157] dhcp4 (enp0s3):   nameserver '10.6.15.200'
Mar  6 11:46:54 controlNode NetworkManager[565]: <info>  [1709696814.7158] dhcp4 (enp0s3):   domain name 'ns2.is'
Mar  6 11:46:54 controlNode NetworkManager[565]: <info>  [1709696814.7158] dhcp4 (enp0s3): state changed unknown -> bound
Mar  6 11:46:54 controlNode avahi-daemon[559]: Joining mDNS multicast group on interface enp0s3.IPv4 with address 10.0.2.15.
Mar  6 11:46:54 controlNode avahi-daemon[559]: New relevant interface enp0s3.IPv4 for mDNS.
Mar  6 11:46:54 controlNode avahi-daemon[559]: Registering new address record for 10.0.2.15 on enp0s3.IPv4.
Mar  6 11:46:54 controlNode NetworkManager[565]: <info>  [1709696814.7209] device (enp0s3): state change: ip-config -> ip-check (reason 'none', sys-iface-state: 'managed')
Mar  6 11:46:54 controlNode NetworkManager[565]: <info>  [1709696814.7216] device (enp0s3): state change: ip-check -> secondaries (reason 'none', sys-iface-state: 'managed')
Mar  6 11:46:54 controlNode NetworkManager[565]: <info>  [1709696814.7225] device (enp0s3): state change: secondaries -> activated (reason 'none', sys-iface-state: 'managed')
Mar  6 11:46:54 controlNode NetworkManager[565]: <info>  [1709696814.7230] manager: NetworkManager state is now CONNECTED_LOCAL
Mar  6 11:46:54 controlNode NetworkManager[565]: <info>  [1709696814.7238] manager: NetworkManager state is now CONNECTED_SITE
Mar  6 11:46:54 controlNode NetworkManager[565]: <info>  [1709696814.7241] policy: set 'Wired connection 1' (enp0s3) as default for IPv4 routing and DNS
Mar  6 11:46:54 controlNode NetworkManager[565]: <info>  [1709696814.7248] device (enp0s3): Activation: successful, device activated.
Mar  6 11:46:54 controlNode NetworkManager[565]: <info>  [1709696814.7254] manager: startup complete
Mar  6 11:46:54 controlNode nm-dispatcher: req:2 'up' [enp0s3]: new request (1 scripts)
Mar  6 11:46:54 controlNode nm-dispatcher: req:2 'up' [enp0s3]: start running ordered scripts...
Mar  6 11:46:54 controlNode systemd[1]: Started Network Manager Wait Online.
Mar  6 11:46:54 controlNode systemd[1]: Reached target Network is Online.
Mar  6 11:46:54 controlNode systemd[1]: Started crash report submission daemon.
Mar  6 11:46:54 controlNode dhclient[699]: bound to 10.0.2.15 -- renewal in 32574 seconds.
Mar  6 11:46:54 controlNode systemd[1]: Starting Tool to automatically collect and submit kernel crash signatures...
Mar  6 11:46:55 controlNode whoopsie[733]: [11:46:55] Using lock path: /var/lock/whoopsie/lock
Mar  6 11:46:55 controlNode systemd[1]: Created slice User Slice of gdm.
Mar  6 11:46:55 controlNode systemd[1]: Starting User Manager for UID 121...
Mar  6 11:46:55 controlNode systemd[1]: Started Session c1 of user gdm.
Mar  6 11:46:55 controlNode whoopsie[733]: [11:46:55] offline
Mar  6 11:46:55 controlNode systemd[1]: kerneloops.service: Found left-over process 753 (kerneloops) in control group while starting unit. Ignoring.
Mar  6 11:46:55 controlNode systemd[1]: This usually indicates unclean termination of a previous run, or service implementation deficiencies.
Mar  6 11:46:55 controlNode systemd[1]: Started Tool to automatically collect and submit kernel crash signatures.
Mar  6 11:46:55 controlNode ModemManager[574]: <info>  Couldn't check support for device at '/sys/devices/pci0000:00/0000:00:03.0': not supported by any plugin
Mar  6 11:46:56 controlNode systemd[751]: Listening on GnuPG network certificate management daemon.
Mar  6 11:46:56 controlNode systemd[751]: Starting D-Bus User Message Bus Socket.
Mar  6 11:46:56 controlNode systemd[751]: Listening on GnuPG cryptographic agent and passphrase cache.
Mar  6 11:46:56 controlNode systemd[751]: Listening on GnuPG cryptographic agent (ssh-agent emulation).
Mar  6 11:46:56 controlNode systemd[751]: Started Pending report trigger for Ubuntu Report.
Mar  6 11:46:56 controlNode systemd[751]: Reached target Paths.
Mar  6 11:46:56 controlNode systemd[751]: Reached target Timers.
Mar  6 11:46:56 controlNode systemd[751]: Listening on GnuPG cryptographic agent and passphrase cache (access for web browsers).
Mar  6 11:46:56 controlNode systemd[751]: Listening on Sound System.
Mar  6 11:46:56 controlNode systemd[751]: Listening on GnuPG cryptographic agent and passphrase cache (restricted).
Mar  6 11:46:56 controlNode systemd[751]: Listening on D-Bus User Message Bus Socket.
Mar  6 11:46:56 controlNode systemd[751]: Reached target Sockets.
Mar  6 11:46:56 controlNode systemd[751]: Reached target Basic System.
Mar  6 11:46:56 controlNode systemd[751]: Reached target Default.
Mar  6 11:46:56 controlNode systemd[751]: Startup finished in 625ms.
Mar  6 11:46:56 controlNode systemd[1]: Started User Manager for UID 121.
Mar  6 11:46:56 controlNode NetworkManager[565]: <info>  [1709696816.2290] manager: NetworkManager state is now CONNECTED_GLOBAL
Mar  6 11:46:56 controlNode nm-dispatcher: req:3 'connectivity-change': new request (1 scripts)
Mar  6 11:46:56 controlNode nm-dispatcher: req:3 'connectivity-change': start running ordered scripts...
Mar  6 11:46:56 controlNode whoopsie[733]: [11:46:56] The default IPv4 route is: /org/freedesktop/NetworkManager/ActiveConnection/1
Mar  6 11:46:56 controlNode whoopsie[733]: [11:46:56] Not a paid data plan: /org/freedesktop/NetworkManager/ActiveConnection/1
Mar  6 11:46:56 controlNode whoopsie[733]: [11:46:56] Found usable connection: /org/freedesktop/NetworkManager/ActiveConnection/1
Mar  6 11:46:56 controlNode systemd[751]: Started D-Bus User Message Bus.
Mar  6 11:46:56 controlNode dbus-daemon[833]: [session uid=121 pid=833] AppArmor D-Bus mediation is enabled
Mar  6 11:46:57 controlNode dbus-daemon[833]: [session uid=121 pid=833] Activating service name='org.freedesktop.secrets' requested by ':1.13' (uid=121 pid=871 comm="/usr/bin/python3 /usr/share/session-migration/scri" label="unconfined")
Mar  6 11:46:57 controlNode gnome-keyring-d[876]: couldn't access control socket: /run/user/121/keyring/control: No such file or directory
Mar  6 11:46:57 controlNode dbus-daemon[833]: [session uid=121 pid=833] Successfully activated service 'org.freedesktop.secrets'
Mar  6 11:46:57 controlNode whoopsie[733]: [11:46:57] online
Mar  6 11:46:59 controlNode dbus-daemon[533]: [system] Activating via systemd: service name='org.freedesktop.UPower' unit='upower.service' requested by ':1.30' (uid=121 pid=881 comm="/usr/bin/gnome-shell " label="unconfined")
Mar  6 11:46:59 controlNode systemd[1]: Starting Daemon for power management...
Mar  6 11:46:59 controlNode dbus-daemon[533]: [system] Successfully activated service 'org.freedesktop.UPower'
Mar  6 11:46:59 controlNode systemd[1]: Started Daemon for power management.
Mar  6 11:47:00 controlNode org.gnome.Shell.desktop[881]: VMware: No 3D enabled (0, Success).
Mar  6 11:47:00 controlNode systemd[1]: Reloading.
Mar  6 11:47:01 controlNode systemd[1]: Mounting Mount unit for core, revision 6350...
Mar  6 11:47:01 controlNode systemd[1]: Mounted Mount unit for core, revision 6350.
Mar  6 11:47:01 controlNode org.gnome.Shell.desktop[881]: Disabling glamor and dri3, EGL setup failed
Mar  6 11:47:01 controlNode org.gnome.Shell.desktop[881]: Failed to initialize glamor, falling back to sw
Mar  6 11:47:01 controlNode NetworkManager[565]: <info>  [1709696821.4413] device changed (path: /sys/devices/pci0000:00/0000:00:03.0/net/enp0s3, iface: enp0s3)
Mar  6 11:47:01 controlNode upowerd[918]: treating change event as add on /sys/devices/pci0000:00/0000:00:06.0/usb2
Mar  6 11:47:01 controlNode upowerd[918]: treating change event as add on /sys/devices/pci0000:00/0000:00:06.0/usb2/2-0:1.0
Mar  6 11:47:01 controlNode upowerd[918]: treating change event as add on /sys/devices/pci0000:00/0000:00:06.0/usb2/2-1
Mar  6 11:47:01 controlNode upowerd[918]: treating change event as add on /sys/devices/pci0000:00/0000:00:06.0/usb2/2-1/2-1:1.0
Mar  6 11:47:01 controlNode upowerd[918]: treating change event as add on /sys/devices/pci0000:00/0000:00:0b.0/usb1
Mar  6 11:47:01 controlNode upowerd[918]: treating change event as add on /sys/devices/pci0000:00/0000:00:06.0/usb2/2-1/2-1:1.0/0003:80EE:0021.0001
Mar  6 11:47:01 controlNode upowerd[918]: treating change event as add on /sys/devices/pci0000:00/0000:00:0b.0/usb1/1-0:1.0
Mar  6 11:47:01 controlNode NetworkManager[565]: <info>  [1709696821.5272] device changed (path: /sys/devices/virtual/net/lo, iface: lo)
Mar  6 11:47:02 controlNode dbus-daemon[833]: [session uid=121 pid=833] Activating via systemd: service name='org.a11y.Bus' unit='at-spi-dbus-bus.service' requested by ':1.16' (uid=121 pid=881 comm="/usr/bin/gnome-shell " label="unconfined")
Mar  6 11:47:02 controlNode systemd[751]: Starting Accessibility services bus...
Mar  6 11:47:02 controlNode dbus-daemon[833]: [session uid=121 pid=833] Successfully activated service 'org.a11y.Bus'
Mar  6 11:47:02 controlNode systemd[751]: Started Accessibility services bus.
Mar  6 11:47:02 controlNode at-spi-bus-launcher[1201]: dbus-daemon[1206]: Activating service name='org.a11y.atspi.Registry' requested by ':1.0' (uid=121 pid=881 comm="/usr/bin/gnome-shell " label="unconfined")
Mar  6 11:47:02 controlNode at-spi-bus-launcher[1201]: dbus-daemon[1206]: Successfully activated service 'org.a11y.atspi.Registry'
Mar  6 11:47:02 controlNode at-spi-bus-launcher[1201]: SpiRegistry daemon is running with well-known name - org.a11y.atspi.Registry
Mar  6 11:47:02 controlNode kernel: [   21.732727] kauditd_printk_skb: 16 callbacks suppressed
Mar  6 11:47:02 controlNode kernel: [   21.732728] audit: type=1400 audit(1709696822.384:28): apparmor="STATUS" operation="profile_load" profile="unconfined" name="/snap/core/6350/usr/lib/snapd/snap-confine" pid=1212 comm="apparmor_parser"
Mar  6 11:47:02 controlNode kernel: [   21.732861] audit: type=1400 audit(1709696822.388:29): apparmor="STATUS" operation="profile_load" profile="unconfined" name="/snap/core/6350/usr/lib/snapd/snap-confine//mount-namespace-capture-helper" pid=1212 comm="apparmor_parser"
Mar  6 11:47:02 controlNode systemd[751]: Starting Sound Service...
Mar  6 11:47:02 controlNode dbus-daemon[533]: [system] Activating via systemd: service name='org.freedesktop.RealtimeKit1' unit='rtkit-daemon.service' requested by ':1.32' (uid=121 pid=1214 comm="/usr/bin/pulseaudio --daemonize=no " label="unconfined")
Mar  6 11:47:02 controlNode systemd[1]: Starting RealtimeKit Scheduling Policy Service...
Mar  6 11:47:02 controlNode dbus-daemon[533]: [system] Successfully activated service 'org.freedesktop.RealtimeKit1'
Mar  6 11:47:02 controlNode systemd[1]: Started RealtimeKit Scheduling Policy Service.
Mar  6 11:47:02 controlNode rtkit-daemon[1215]: Successfully called chroot.
Mar  6 11:47:02 controlNode rtkit-daemon[1215]: Successfully dropped privileges.
Mar  6 11:47:02 controlNode rtkit-daemon[1215]: Successfully limited resources.
Mar  6 11:47:02 controlNode rtkit-daemon[1215]: Running.
Mar  6 11:47:02 controlNode rtkit-daemon[1215]: Canary thread running.
Mar  6 11:47:02 controlNode rtkit-daemon[1215]: Watchdog thread running.
Mar  6 11:47:02 controlNode kernel: [   21.954810] audit: type=1400 audit(1709696822.608:30): apparmor="STATUS" operation="profile_load" profile="unconfined" name="snap-update-ns.core" pid=1219 comm="apparmor_parser"
Mar  6 11:47:02 controlNode kernel: [   21.983076] audit: type=1400 audit(1709696822.636:31): apparmor="STATUS" operation="profile_load" profile="unconfined" name="snap.core.hook.configure" pid=1220 comm="apparmor_parser"
Mar  6 11:47:02 controlNode snapd[577]: link.go:75: cannot update fontconfig cache: cannot get fc-cache-v6 from core: open /snap/core/current/bin/fc-cache-v6: no such file or directory
Mar  6 11:47:02 controlNode snapd[577]: daemon.go:611: gracefully waiting for running hooks
Mar  6 11:47:02 controlNode snapd[577]: daemon.go:613: done waiting for running hooks
Mar  6 11:47:03 controlNode pulseaudio[1214]: N: [pulseaudio] alsa-util.c: Disabling timer-based scheduling because running inside a VM.
Mar  6 11:47:03 controlNode pulseaudio[1214]: W: [pulseaudio] sink.c: Default and alternate sample rates are the same.
Mar  6 11:47:03 controlNode rtkit-daemon[1215]: Supervising 0 threads of 0 processes of 1 users.
Mar  6 11:47:03 controlNode rtkit-daemon[1215]: message repeated 4 times: [ Supervising 0 threads of 0 processes of 1 users.]
Mar  6 11:47:03 controlNode pulseaudio[1214]: N: [pulseaudio] alsa-util.c: Disabling timer-based scheduling because running inside a VM.
Mar  6 11:47:03 controlNode rtkit-daemon[1215]: Supervising 0 threads of 0 processes of 1 users.
Mar  6 11:47:03 controlNode rtkit-daemon[1215]: message repeated 4 times: [ Supervising 0 threads of 0 processes of 1 users.]
Mar  6 11:47:03 controlNode dbus-daemon[533]: [system] Activating via systemd: service name='org.bluez' unit='dbus-org.bluez.service' requested by ':1.54' (uid=121 pid=1214 comm="/usr/bin/pulseaudio --daemonize=no " label="unconfined")
Mar  6 11:47:03 controlNode systemd[751]: Started Sound Service.
Mar  6 11:47:03 controlNode systemd[1]: snapd.service: Service hold-off time over, scheduling restart.
Mar  6 11:47:03 controlNode systemd[1]: snapd.service: Scheduled restart job, restart counter is at 1.
Mar  6 11:47:03 controlNode systemd[1]: Stopped Snappy daemon.
Mar  6 11:47:03 controlNode systemd[1]: Starting Snappy daemon...
Mar  6 11:47:03 controlNode snapd[1233]: AppArmor status: apparmor is enabled and all features are available
Mar  6 11:47:03 controlNode snapd[1233]: daemon.go:379: started snapd/2.37.1.1+18.04 (series 16; classic) ubuntu/18.04 (amd64) linux/4.18.0-15-generic.
Mar  6 11:47:03 controlNode systemd[1]: Started Snappy daemon.
Mar  6 11:47:04 controlNode dbus-daemon[533]: [system] Activating via systemd: service name='org.freedesktop.locale1' unit='dbus-org.freedesktop.locale1.service' requested by ':1.30' (uid=121 pid=881 comm="/usr/bin/gnome-shell " label="unconfined")
Mar  6 11:47:04 controlNode systemd[1]: Starting Locale Service...
Mar  6 11:47:04 controlNode dbus-daemon[533]: [system] Successfully activated service 'org.freedesktop.locale1'
Mar  6 11:47:04 controlNode systemd[1]: Started Locale Service.
Mar  6 11:47:05 controlNode dbus-daemon[833]: [session uid=121 pid=833] Activating service name='org.freedesktop.portal.IBus' requested by ':1.20' (uid=121 pid=1255 comm="ibus-daemon --xim --panel disable " label="unconfined")
Mar  6 11:47:05 controlNode dbus-daemon[833]: [session uid=121 pid=833] Successfully activated service 'org.freedesktop.portal.IBus'
Mar  6 11:47:05 controlNode dbus-daemon[533]: [system] Activating via systemd: service name='org.freedesktop.GeoClue2' unit='geoclue.service' requested by ':1.30' (uid=121 pid=881 comm="/usr/bin/gnome-shell " label="unconfined")
Mar  6 11:47:05 controlNode dbus-daemon[533]: [system] Activating via systemd: service name='org.freedesktop.bolt' unit='bolt.service' requested by ':1.30' (uid=121 pid=881 comm="/usr/bin/gnome-shell " label="unconfined")
Mar  6 11:47:05 controlNode systemd[1]: Starting Thunderbolt system service...
Mar  6 11:47:05 controlNode systemd[1]: Starting Location Lookup Service...
